2012-01-22T18:12:12.737+0000: 0.262: [GC [PSYoungGen: 3072K->502K(3584K)] 3072K->594K(9984K), 0.0052240 secs] [Times: user=0.01 sys=0.00, real=0.01 secs] 
2012-01-22T18:12:12.895+0000: 0.420: [GC [PSYoungGen: 3574K->504K(6656K)] 3666K->1112K(13056K), 0.0057690 secs] [Times: user=0.01 sys=0.00, real=0.01 secs] 
2012-01-22T18:12:13.078+0000: 0.604: [GC [PSYoungGen: 6627K->496K(6656K)] 7235K->1738K(13056K), 0.0060870 secs] [Times: user=0.01 sys=0.00, real=0.00 secs] 
2012-01-22T18:12:13.103+0000: 0.628: [GC [PSYoungGen: 985K->496K(12800K)] 2228K->1817K(19200K), 0.0039460 secs] [Times: user=0.01 sys=0.00, real=0.00 secs] 
2012-01-22T18:12:13.107+0000: 0.632: [Full GC (System) [PSYoungGen: 496K->0K(12800K)] [ParOldGen: 1321K->1755K(6400K)] 1817K->1755K(19200K) [PSPermGen: 7898K->7888K(15872K)], 0.0740170 secs] [Times: user=0.07 sys=0.00, real=0.08 secs] 
2012-01-22T18:12:13.404+0000: 0.929: [GC [PSYoungGen: 12288K->512K(12800K)] 14043K->2789K(19200K), 0.0064040 secs] [Times: user=0.00 sys=0.01, real=0.01 secs] 
2012-01-22T18:12:13.600+0000: 1.126: [GC [PSYoungGen: 12800K->500K(24128K)] 15077K->3416K(30528K), 0.0063560 secs] [Times: user=0.00 sys=0.01, real=0.00 secs] 
2012-01-22T18:12:14.250+0000: 1.775: [GC [PSYoungGen: 24116K->1464K(25088K)] 27032K->4379K(31488K), 0.0090520 secs] [Times: user=0.01 sys=0.00, real=0.01 secs] 
2012-01-22T18:12:14.890+0000: 2.416: [GC [PSYoungGen: 25080K->1661K(48320K)] 27995K->5332K(54720K), 0.0118160 secs] [Times: user=0.01 sys=0.00, real=0.01 secs] 
2012-01-22T18:12:16.172+0000: 3.697: [GC [PSYoungGen: 48317K->2238K(48896K)] 51988K->7255K(55296K), 0.0186750 secs] [Times: user=0.01 sys=0.00, real=0.02 secs] 
2012-01-22T18:12:17.337+0000: 4.862: [GC [PSYoungGen: 48894K->2292K(44544K)] 53911K->10640K(52992K), 0.0279860 secs] [Times: user=0.02 sys=0.00, real=0.03 secs] 
2012-01-22T18:12:17.365+0000: 4.891: [Full GC [PSYoungGen: 2292K->1520K(44544K)] [ParOldGen: 8347K->8447K(16192K)] 10640K->9967K(60736K) [PSPermGen: 31866K->31805K(60032K)], 0.3249630 secs] [Times: user=0.32 sys=0.01, real=0.33 secs] 
2012-01-22T18:12:43.303+0000: 30.828: [GC [PSYoungGen: 43760K->2729K(44992K)] 52207K->12130K(61184K), 0.0379930 secs] [Times: user=0.04 sys=0.00, real=0.04 secs] 
2012-01-22T18:22:48.256+0000: 635.782: [GC [PSYoungGen: 44969K->4528K(44992K)] 54370K->14275K(61184K), 0.0194370 secs] [Times: user=0.02 sys=0.00, real=0.02 secs] 
2012-01-22T18:39:14.280+0000: 1621.806: [GC [PSYoungGen: 44976K->2550K(45824K)] 54723K->14780K(62016K), 0.0193320 secs] [Times: user=0.02 sys=0.00, real=0.02 secs] 
2012-01-22T19:12:17.690+0000: 3605.215: [GC [PSYoungGen: 38760K->3213K(45888K)] 50990K->15443K(62080K), 0.0078990 secs] [Times: user=0.00 sys=0.00, real=0.01 secs] 
2012-01-22T19:12:17.698+0000: 3605.223: [Full GC (System) [PSYoungGen: 3213K->0K(45888K)] [ParOldGen: 12230K->13541K(16192K)] 15443K->13541K(62080K) [PSPermGen: 38335K->38013K(65408K)], 0.4072390 secs] [Times: user=0.42 sys=0.00, real=0.40 secs] 
2012-01-22T20:12:18.106+0000: 7205.631: [GC [PSYoungGen: 25491K->617K(45952K)] 39033K->14159K(62144K), 0.0045790 secs] [Times: user=0.00 sys=0.00, real=0.01 secs] 
2012-01-22T20:12:18.111+0000: 7205.636: [Full GC (System) [PSYoungGen: 617K->0K(45952K)] [ParOldGen: 13541K->13597K(16192K)] 14159K->13597K(62144K) [PSPermGen: 38044K->38027K(65408K)], 0.2670210 secs] [Times: user=0.28 sys=0.00, real=0.27 secs] 
2012-01-22T21:12:18.378+0000: 10805.904: [GC [PSYoungGen: 40704K->1332K(46080K)] 54301K->14929K(62272K), 0.0056680 secs] [Times: user=0.00 sys=0.00, real=0.00 secs] 
2012-01-22T21:12:18.384+0000: 10805.910: [Full GC (System) [PSYoungGen: 1332K->0K(46080K)] [ParOldGen: 13597K->14038K(16192K)] 14929K->14038K(62272K) [PSPermGen: 39083K->39063K(65408K)], 0.2622430 secs] [Times: user=0.28 sys=0.00, real=0.26 secs] 
2012-01-22T22:12:18.647+0000: 14406.172: [Full GC (System) [PSYoungGen: 38960K->0K(46080K)] [ParOldGen: 14038K->15486K(16192K)] 52998K->15486K(62272K) [PSPermGen: 40307K->40307K(65152K)], 0.2957940 secs] [Times: user=0.32 sys=0.00, real=0.30 secs] 
2012-01-22T23:12:18.943+0000: 18006.469: [Full GC (System) [PSYoungGen: 26877K->0K(46080K)] [ParOldGen: 15486K->15032K(16192K)] 42363K->15032K(62272K) [PSPermGen: 40348K->40305K(63360K)], 0.2881970 secs] [Times: user=0.31 sys=0.00, real=0.29 secs] 
2012-01-23T00:12:19.232+0000: 21606.758: [Full GC (System) [PSYoungGen: 27473K->0K(46080K)] [ParOldGen: 15032K->14962K(16192K)] 42505K->14962K(62272K) [PSPermGen: 40314K->40284K(61312K)], 0.2817490 secs] [Times: user=0.32 sys=0.00, real=0.28 secs] 
2012-01-23T01:12:19.515+0000: 25207.040: [Full GC (System) [PSYoungGen: 32711K->0K(46080K)] [ParOldGen: 14962K->15288K(16192K)] 47673K->15288K(62272K) [PSPermGen: 40571K->40571K(59264K)], 0.2712380 secs] [Times: user=0.31 sys=0.00, real=0.27 secs] 
2012-01-23T02:12:19.787+0000: 28807.312: [Full GC (System) [PSYoungGen: 37317K->0K(46080K)] [ParOldGen: 15288K->15253K(16192K)] 52606K->15253K(62272K) [PSPermGen: 40581K->40574K(57216K)], 0.2670350 secs] [Times: user=0.31 sys=0.00, real=0.27 secs] 
2012-01-23T03:12:20.054+0000: 32407.580: [Full GC (System) [PSYoungGen: 24656K->0K(46080K)] [ParOldGen: 15253K->15262K(16192K)] 39909K->15262K(62272K) [PSPermGen: 40583K->40583K(55424K)], 0.2810410 secs] [Times: user=0.32 sys=0.00, real=0.28 secs] 
2012-01-23T04:12:20.337+0000: 36007.862: [Full GC (System) [PSYoungGen: 23965K->0K(46080K)] [ParOldGen: 15262K->15228K(16192K)] 39228K->15228K(62272K) [PSPermGen: 40583K->40547K(53376K)], 0.2702540 secs] [Times: user=0.32 sys=0.00, real=0.27 secs] 
2012-01-23T05:12:20.608+0000: 39608.133: [Full GC (System) [PSYoungGen: 24146K->0K(46080K)] [ParOldGen: 15228K->15229K(16192K)] 39374K->15229K(62272K) [PSPermGen: 40548K->40548K(51840K)], 0.2712630 secs] [Times: user=0.33 sys=0.00, real=0.27 secs] 
2012-01-23T06:12:20.881+0000: 43208.406: [Full GC (System) [PSYoungGen: 26140K->0K(46080K)] [ParOldGen: 15229K->15273K(16192K)] 41370K->15273K(62272K) [PSPermGen: 40550K->40550K(50304K)], 0.2795530 secs] [Times: user=0.34 sys=0.00, real=0.28 secs] 
2012-01-23T07:12:21.161+0000: 46808.687: [Full GC (System) [PSYoungGen: 24809K->0K(46080K)] [ParOldGen: 15273K->15254K(16192K)] 40082K->15254K(62272K) [PSPermGen: 40550K->40550K(49024K)], 0.2565200 secs] [Times: user=0.32 sys=0.00, real=0.26 secs] 
2012-01-23T07:43:09.467+0000: 48656.992: [Full GC [PSYoungGen: 40832K->0K(46080K)] [ParOldGen: 15254K->15585K(27776K)] 56086K->15585K(73856K) [PSPermGen: 40593K->40593K(47744K)], 0.2609720 secs] [Times: user=0.31 sys=0.00, real=0.27 secs] 
2012-01-23T07:56:18.834+0000: 49446.360: [GC [PSYoungGen: 40832K->384K(45952K)] 56417K->15969K(73728K), 0.0042320 secs] [Times: user=0.00 sys=0.00, real=0.01 secs] 
2012-01-23T08:10:29.163+0000: 50296.688: [GC [PSYoungGen: 41216K->667K(45952K)] 56801K->16252K(73728K), 0.0041960 secs] [Times: user=0.01 sys=0.00, real=0.00 secs] 
2012-01-23T08:24:25.186+0000: 51132.711: [GC [PSYoungGen: 41627K->1033K(45952K)] 57212K->16618K(73728K), 0.0044170 secs] [Times: user=0.01 sys=0.00, real=0.01 secs] 
2012-01-23T08:39:36.218+0000: 52043.744: [GC [PSYoungGen: 41991K->912K(46016K)] 57576K->16497K(73792K), 0.0044170 secs] [Times: user=0.01 sys=0.00, real=0.00 secs] 
2012-01-23T08:43:09.728+0000: 52257.254: [GC [PSYoungGen: 10836K->912K(42368K)] 26421K->16497K(70144K), 0.0039760 secs] [Times: user=0.00 sys=0.00, real=0.00 secs] 
2012-01-23T08:43:09.732+0000: 52257.258: [Full GC (System) [PSYoungGen: 912K->0K(42368K)] [ParOldGen: 15585K->15287K(27776K)] 16497K->15287K(70144K) [PSPermGen: 40630K->40534K(46720K)], 0.2608720 secs] [Times: user=0.31 sys=0.00, real=0.26 secs] 
2012-01-23T08:56:48.654+0000: 53076.180: [GC [PSYoungGen: 41408K->472K(46016K)] 56695K->15759K(73792K), 0.0033860 secs] [Times: user=0.00 sys=0.00, real=0.01 secs] 
2012-01-23T09:11:59.114+0000: 53986.639: [GC [PSYoungGen: 42008K->632K(45888K)] 57295K->15919K(73664K), 0.0038040 secs] [Times: user=0.01 sys=0.00, real=0.01 secs] 
2012-01-23T09:27:40.090+0000: 54927.616: [GC [PSYoungGen: 42168K->947K(45760K)] 57455K->16234K(73536K), 0.0045330 secs] [Times: user=0.00 sys=0.00, real=0.00 secs] 
2012-01-23T09:41:23.998+0000: 55751.524: [GC [PSYoungGen: 43059K->1027K(46144K)] 58346K->16315K(73920K), 0.0048290 secs] [Times: user=0.01 sys=0.00, real=0.00 secs] 
2012-01-23T09:43:09.994+0000: 55857.519: [GC [PSYoungGen: 4354K->928K(46080K)] 19641K->16215K(73856K), 0.0041470 secs] [Times: user=0.00 sys=0.00, real=0.01 secs] 
2012-01-23T09:43:09.998+0000: 55857.523: [Full GC (System) [PSYoungGen: 928K->0K(46080K)] [ParOldGen: 15287K->15299K(27776K)] 16215K->15299K(73856K) [PSPermGen: 40570K->40535K(45696K)], 0.2847070 secs] [Times: user=0.33 sys=0.00, real=0.28 secs] 
2012-01-23T09:58:36.827+0000: 56784.352: [GC [PSYoungGen: 42560K->456K(46208K)] 57859K->15756K(73984K), 0.0030350 secs] [Times: user=0.00 sys=0.00, real=0.01 secs] 
2012-01-23T10:39:03.815+0000: 59211.340: [GC [PSYoungGen: 43016K->1156K(45824K)] 58316K->16456K(73600K), 0.0057620 secs] [Times: user=0.01 sys=0.00, real=0.01 secs] 
2012-01-23T10:43:10.283+0000: 59457.809: [GC [PSYoungGen: 10181K->864K(43712K)] 25481K->16164K(71488K), 0.0043050 secs] [Times: user=0.01 sys=0.00, real=0.01 secs] 
2012-01-23T10:43:10.288+0000: 59457.813: [Full GC (System) [PSYoungGen: 864K->0K(43712K)] [ParOldGen: 15299K->15375K(27776K)] 16164K->15375K(71488K) [PSPermGen: 40622K->40555K(44928K)], 0.2645760 secs] [Times: user=0.30 sys=0.00, real=0.26 secs] 
2012-01-23T10:58:31.456+0000: 60378.981: [GC [PSYoungGen: 42816K->448K(46016K)] 58191K->15823K(73792K), 0.0033500 secs] [Times: user=0.00 sys=0.00, real=0.01 secs] 
2012-01-23T11:10:42.024+0000: 61109.550: [GC [PSYoungGen: 43328K->704K(45952K)] 58703K->16079K(73728K), 0.0042840 secs] [Times: user=0.00 sys=0.00, real=0.01 secs] 
2012-01-23T11:25:54.133+0000: 62021.658: [GC [PSYoungGen: 43584K->960K(45504K)] 58959K->16335K(73280K), 0.0048500 secs] [Times: user=0.00 sys=0.00, real=0.01 secs] 
2012-01-23T11:40:06.916+0000: 62874.442: [GC [PSYoungGen: 43968K->976K(44032K)] 59343K->16351K(71808K), 0.0047870 secs] [Times: user=0.01 sys=0.00, real=0.01 secs] 
2012-01-23T11:43:10.553+0000: 63058.078: [GC [PSYoungGen: 10333K->960K(45312K)] 25708K->16335K(73088K), 0.0041180 secs] [Times: user=0.00 sys=0.00, real=0.00 secs] 
2012-01-23T11:43:10.557+0000: 63058.083: [Full GC (System) [PSYoungGen: 960K->0K(45312K)] [ParOldGen: 15375K->15354K(27776K)] 16335K->15354K(73088K) [PSPermGen: 40642K->40558K(44416K)], 0.2614180 secs] [Times: user=0.29 sys=0.00, real=0.27 secs] 
2012-01-23T11:59:24.033+0000: 64031.558: [GC [PSYoungGen: 43072K->440K(45504K)] 58426K->15794K(73280K), 0.0030080 secs] [Times: user=0.00 sys=0.00, real=0.00 secs] 
2012-01-23T12:13:35.386+0000: 64882.911: [GC [PSYoungGen: 43512K->720K(45312K)] 58866K->16074K(73088K), 0.0042370 secs] [Times: user=0.01 sys=0.00, real=0.01 secs] 
2012-01-23T12:30:00.351+0000: 65867.876: [GC [PSYoungGen: 43850K->1088K(45440K)] 59204K->16442K(73216K), 0.0051540 secs] [Times: user=0.00 sys=0.00, real=0.00 secs] 
2012-01-23T12:43:10.819+0000: 66658.345: [GC [PSYoungGen: 40855K->1111K(45312K)] 56209K->16465K(73088K), 0.0052450 secs] [Times: user=0.01 sys=0.00, real=0.00 secs] 
2012-01-23T12:43:10.825+0000: 66658.350: [Full GC (System) [PSYoungGen: 1111K->0K(45312K)] [ParOldGen: 15354K->15416K(27776K)] 16465K->15416K(73088K) [PSPermGen: 40708K->40590K(43904K)], 0.2720360 secs] [Times: user=0.30 sys=0.00, real=0.27 secs] 
2012-01-23T12:50:48.656+0000: 67116.182: [GC [PSYoungGen: 43200K->512K(45376K)] 58616K->15928K(73152K), 0.0034450 secs] [Times: user=0.01 sys=0.00, real=0.01 secs] 
2012-01-23T13:08:02.673+0000: 68150.199: [GC [PSYoungGen: 43712K->640K(45248K)] 59128K->16056K(73024K), 0.0040160 secs] [Times: user=0.01 sys=0.00, real=0.01 secs] 
2012-01-23T13:22:48.261+0000: 69035.786: [GC [PSYoungGen: 43904K->987K(45312K)] 59320K->16404K(73088K), 0.0053980 secs] [Times: user=0.01 sys=0.00, real=0.00 secs] 
2012-01-23T13:37:00.698+0000: 69888.223: [GC [PSYoungGen: 44251K->1011K(45184K)] 59668K->16428K(72960K), 0.0051730 secs] [Times: user=0.01 sys=0.00, real=0.00 secs] 
2012-01-23T13:43:11.097+0000: 70258.623: [GC [PSYoungGen: 18391K->928K(44288K)] 33808K->16344K(72064K), 0.0059590 secs] [Times: user=0.00 sys=0.00, real=0.00 secs] 
2012-01-23T13:43:11.103+0000: 70258.629: [Full GC (System) [PSYoungGen: 928K->0K(44288K)] [ParOldGen: 15416K->15425K(27776K)] 16344K->15425K(72064K) [PSPermGen: 40683K->40591K(43392K)], 0.2731340 secs] [Times: user=0.30 sys=0.00, real=0.27 secs] 
2012-01-23T13:56:19.356+0000: 71046.882: [GC [PSYoungGen: 43328K->1840K(44928K)] 58753K->17289K(72704K), 0.0052850 secs] [Times: user=0.01 sys=0.00, real=0.01 secs] 
2012-01-23T14:10:00.428+0000: 71867.953: [GC [PSYoungGen: 44901K->2097K(45184K)] 60350K->18122K(72960K), 0.0065920 secs] [Times: user=0.01 sys=0.00, real=0.00 secs] 
2012-01-23T14:25:45.766+0000: 72813.291: [GC [PSYoungGen: 45162K->2587K(45376K)] 61187K->18612K(73152K), 0.0080640 secs] [Times: user=0.01 sys=0.00, real=0.01 secs] 
2012-01-23T14:43:11.377+0000: 73858.903: [GC [PSYoungGen: 21988K->2843K(45760K)] 38013K->18868K(73536K), 0.0064820 secs] [Times: user=0.00 sys=0.00, real=0.00 secs] 
2012-01-23T14:43:11.384+0000: 73858.909: [Full GC (System) [PSYoungGen: 2843K->0K(45760K)] [ParOldGen: 16024K->16941K(27776K)] 18868K->16941K(73536K) [PSPermGen: 40667K->40595K(42880K)], 0.2806840 secs] [Times: user=0.31 sys=0.00, real=0.28 secs] 
2012-01-23T15:05:00.904+0000: 75168.429: [GC [PSYoungGen: 42752K->897K(45632K)] 59693K->17839K(73408K), 0.0046690 secs] [Times: user=0.00 sys=0.00, real=0.01 secs] 
2012-01-23T15:19:14.335+0000: 76021.860: [GC [PSYoungGen: 43713K->720K(46080K)] 60655K->17661K(73856K), 0.0042360 secs] [Times: user=0.00 sys=0.00, real=0.01 secs] 
2012-01-23T15:34:29.473+0000: 76936.999: [GC [PSYoungGen: 43536K->792K(45952K)] 60477K->17733K(73728K), 0.0043180 secs] [Times: user=0.01 sys=0.00, real=0.01 secs] 
2012-01-23T15:43:11.665+0000: 77459.191: [GC [PSYoungGen: 9199K->752K(43648K)] 26141K->17693K(71424K), 0.0035870 secs] [Times: user=0.00 sys=0.00, real=0.01 secs] 
2012-01-23T15:43:11.669+0000: 77459.194: [Full GC (System) [PSYoungGen: 752K->0K(43648K)] [ParOldGen: 16941K->16973K(27776K)] 17693K->16973K(71424K) [PSPermGen: 40691K->40595K(42624K)], 0.2715920 secs] [Times: user=0.30 sys=0.00, real=0.27 secs] 
2012-01-23T16:43:11.941+0000: 81059.467: [GC [PSYoungGen: 29227K->776K(45696K)] 46200K->17749K(73472K), 0.0042160 secs] [Times: user=0.00 sys=0.00, real=0.00 secs] 
2012-01-23T16:43:11.945+0000: 81059.471: [Full GC (System) [PSYoungGen: 776K->0K(45696K)] [ParOldGen: 16973K->16982K(27776K)] 17749K->16982K(73472K) [PSPermGen: 40615K->40595K(42368K)], 0.2805640 secs] [Times: user=0.31 sys=0.00, real=0.28 secs] 
2012-01-23T16:54:33.503+0000: 81741.028: [GC [PSYoungGen: 42880K->697K(45824K)] 59862K->17679K(73600K), 0.0040210 secs] [Times: user=0.01 sys=0.00, real=0.00 secs] 
2012-01-23T17:10:00.417+0000: 82667.942: [GC [PSYoungGen: 43577K->736K(45568K)] 60559K->17718K(73344K), 0.0043170 secs] [Times: user=0.01 sys=0.00, real=0.01 secs] 
2012-01-23T17:43:12.227+0000: 84659.752: [GC [PSYoungGen: 21585K->928K(43904K)] 38567K->17910K(71680K), 0.0047840 secs] [Times: user=0.00 sys=0.00, real=0.01 secs] 
2012-01-23T17:43:12.232+0000: 84659.757: [Full GC (System) [PSYoungGen: 928K->0K(43904K)] [ParOldGen: 16982K->17017K(27776K)] 17910K->17017K(71680K) [PSPermGen: 40697K->40598K(42112K)], 0.2755170 secs] [Times: user=0.30 sys=0.00, real=0.27 secs] 
2012-01-23T18:43:12.508+0000: 88260.033: [GC [PSYoungGen: 24523K->792K(45312K)] 41540K->17809K(73088K), 0.0045770 secs] [Times: user=0.00 sys=0.00, real=0.00 secs] 
2012-01-23T18:43:12.513+0000: 88260.038: [Full GC (System) [PSYoungGen: 792K->0K(45312K)] [ParOldGen: 17017K->17024K(27776K)] 17809K->17024K(73088K) [PSPermGen: 40616K->40599K(41856K)], 0.2687720 secs] [Times: user=0.29 sys=0.00, real=0.27 secs] 
2012-01-23T19:43:12.782+0000: 91860.307: [GC [PSYoungGen: 37395K->1088K(44096K)] 54419K->18112K(71872K), 0.0055000 secs] [Times: user=0.01 sys=0.00, real=0.01 secs] 
2012-01-23T19:43:12.788+0000: 91860.313: [Full GC (System) [PSYoungGen: 1088K->0K(44096K)] [ParOldGen: 17024K->17030K(27776K)] 18112K->17030K(71872K) [PSPermGen: 40774K->40642K(41856K)], 0.2804700 secs] [Times: user=0.31 sys=0.00, real=0.28 secs] 
2012-01-23T20:43:13.069+0000: 95460.594: [GC [PSYoungGen: 25460K->808K(45184K)] 42490K->17838K(72960K), 0.0043650 secs] [Times: user=0.01 sys=0.00, real=0.00 secs] 
2012-01-23T20:43:13.073+0000: 95460.599: [Full GC (System) [PSYoungGen: 808K->0K(45184K)] [ParOldGen: 17030K->17040K(27776K)] 17838K->17040K(72960K) [PSPermGen: 40660K->40642K(41600K)], 0.2695790 secs] [Times: user=0.30 sys=0.00, real=0.27 secs] 
2012-01-23T21:43:13.344+0000: 99060.869: [GC [PSYoungGen: 34695K->1105K(44096K)] 51735K->18145K(71872K), 0.0060200 secs] [Times: user=0.01 sys=0.00, real=0.01 secs] 
2012-01-23T21:43:13.350+0000: 99060.875: [Full GC (System) [PSYoungGen: 1105K->0K(44096K)] [ParOldGen: 17040K->17244K(27776K)] 18145K->17244K(71872K) [PSPermGen: 40700K->40642K(41600K)], 0.2821040 secs] [Times: user=0.31 sys=0.00, real=0.28 secs] 
2012-01-23T22:43:13.633+0000: 102661.158: [GC [PSYoungGen: 28744K->912K(44992K)] 45988K->18156K(72768K), 0.0049240 secs] [Times: user=0.00 sys=0.00, real=0.01 secs] 
2012-01-23T22:43:13.638+0000: 102661.163: [Full GC (System) [PSYoungGen: 912K->0K(44992K)] [ParOldGen: 17244K->17087K(27776K)] 18156K->17087K(72768K) [PSPermGen: 40710K->40642K(41344K)], 0.2742460 secs] [Times: user=0.31 sys=0.00, real=0.27 secs] 
2012-01-23T23:43:13.913+0000: 106261.438: [GC [PSYoungGen: 25379K->872K(43840K)] 42466K->17959K(71616K), 0.0044530 secs] [Times: user=0.00 sys=0.00, real=0.00 secs] 
2012-01-23T23:43:13.917+0000: 106261.443: [Full GC (System) [PSYoungGen: 872K->0K(43840K)] [ParOldGen: 17087K->17056K(27776K)] 17959K->17056K(71616K) [PSPermGen: 40695K->40642K(41344K)], 0.2664710 secs] [Times: user=0.30 sys=0.00, real=0.27 secs] 
2012-01-24T00:43:14.184+0000: 109861.710: [GC [PSYoungGen: 25158K->1050K(44736K)] 42215K->18106K(72512K), 0.0043250 secs] [Times: user=0.01 sys=0.00, real=0.01 secs] 
2012-01-24T00:43:14.189+0000: 109861.714: [Full GC (System) [PSYoungGen: 1050K->0K(44736K)] [ParOldGen: 17056K->17064K(27776K)] 18106K->17064K(72512K) [PSPermGen: 40659K->40642K(41344K)], 0.2691230 secs] [Times: user=0.30 sys=0.00, real=0.27 secs] 
2012-01-24T01:43:14.459+0000: 113461.984: [GC [PSYoungGen: 24554K->752K(44864K)] 41619K->17816K(72640K), 0.0038360 secs] [Times: user=0.00 sys=0.00, real=0.00 secs] 
2012-01-24T01:43:14.462+0000: 113461.988: [Full GC (System) [PSYoungGen: 752K->0K(44864K)] [ParOldGen: 17064K->17063K(27776K)] 17816K->17063K(72640K) [PSPermGen: 40658K->40642K(41344K)], 0.2722840 secs] [Times: user=0.31 sys=0.00, real=0.27 secs] 
2012-01-24T02:43:14.735+0000: 117062.261: [GC [PSYoungGen: 26978K->840K(44736K)] 44041K->17903K(72512K), 0.0043700 secs] [Times: user=0.01 sys=0.00, real=0.01 secs] 
2012-01-24T02:43:14.740+0000: 117062.265: [Full GC (System) [PSYoungGen: 840K->0K(44736K)] [ParOldGen: 17063K->17096K(27776K)] 17903K->17096K(72512K) [PSPermGen: 40659K->40642K(41088K)], 0.2669400 secs] [Times: user=0.30 sys=0.00, real=0.26 secs] 
2012-01-24T03:43:15.008+0000: 120662.533: [GC [PSYoungGen: 24894K->816K(43776K)] 41991K->17912K(71552K), 0.0041980 secs] [Times: user=0.01 sys=0.00, real=0.00 secs] 
2012-01-24T03:43:15.012+0000: 120662.537: [Full GC (System) [PSYoungGen: 816K->0K(43776K)] [ParOldGen: 17096K->17091K(27776K)] 17912K->17091K(71552K) [PSPermGen: 40659K->40642K(41088K)], 0.2683500 secs] [Times: user=0.30 sys=0.00, real=0.27 secs] 
2012-01-24T04:43:15.281+0000: 124262.806: [GC [PSYoungGen: 24638K->816K(44608K)] 41729K->17907K(72384K), 0.0041100 secs] [Times: user=0.01 sys=0.00, real=0.00 secs] 
2012-01-24T04:43:15.285+0000: 124262.811: [Full GC (System) [PSYoungGen: 816K->0K(44608K)] [ParOldGen: 17091K->17092K(27776K)] 17907K->17092K(72384K) [PSPermGen: 40658K->40642K(41088K)], 0.2552790 secs] [Times: user=0.29 sys=0.00, real=0.26 secs] 
2012-01-24T05:43:15.541+0000: 127863.066: [GC [PSYoungGen: 25460K->816K(43776K)] 42552K->17908K(71552K), 0.0043270 secs] [Times: user=0.01 sys=0.00, real=0.00 secs] 
2012-01-24T05:43:15.545+0000: 127863.071: [Full GC (System) [PSYoungGen: 816K->0K(43776K)] [ParOldGen: 17092K->17104K(27776K)] 17908K->17104K(71552K) [PSPermGen: 40660K->40643K(41088K)], 0.2661280 secs] [Times: user=0.30 sys=0.00, real=0.27 secs] 
2012-01-24T06:43:15.812+0000: 131463.338: [GC [PSYoungGen: 25817K->840K(44480K)] 42922K->17945K(72256K), 0.0043800 secs] [Times: user=0.00 sys=0.00, real=0.00 secs] 
2012-01-24T06:43:15.817+0000: 131463.342: [Full GC (System) [PSYoungGen: 840K->0K(44480K)] [ParOldGen: 17104K->17108K(27776K)] 17945K->17108K(72256K) [PSPermGen: 40662K->40643K(41088K)], 0.2634200 secs] [Times: user=0.30 sys=0.00, real=0.27 secs] 
2012-01-24T07:43:16.081+0000: 135063.606: [GC [PSYoungGen: 37555K->1105K(44544K)] 54664K->18213K(72320K), 0.0049320 secs] [Times: user=0.01 sys=0.00, real=0.00 secs] 
2012-01-24T07:43:16.086+0000: 135063.611: [Full GC (System) [PSYoungGen: 1105K->0K(44544K)] [ParOldGen: 17108K->17319K(27776K)] 18213K->17319K(72320K) [PSPermGen: 40705K->40646K(41088K)], 0.2675810 secs] [Times: user=0.31 sys=0.00, real=0.27 secs] 
2012-01-24T07:45:45.767+0000: 135213.292: [GC [PSYoungGen: 42939K->1191K(44480K)] 60259K->18511K(72256K), 0.0065950 secs] [Times: user=0.00 sys=0.00, real=0.01 secs] 
2012-01-24T07:57:03.514+0000: 135891.040: [GC [PSYoungGen: 44071K->1261K(44544K)] 61391K->18581K(72320K), 0.0056270 secs] [Times: user=0.01 sys=0.00, real=0.01 secs] 
2012-01-24T08:10:22.958+0000: 136690.483: [GC [PSYoungGen: 44141K->1421K(44480K)] 61461K->18741K(72256K), 0.0058630 secs] [Times: user=0.00 sys=0.00, real=0.00 secs] 
2012-01-24T08:26:37.335+0000: 137664.860: [GC [PSYoungGen: 44237K->1632K(44608K)] 61557K->18951K(72384K), 0.0064310 secs] [Times: user=0.01 sys=0.00, real=0.01 secs] 
2012-01-24T08:40:38.132+0000: 138505.657: [GC [PSYoungGen: 44448K->1592K(44672K)] 61767K->18911K(72448K), 0.0063190 secs] [Times: user=0.00 sys=0.00, real=0.01 secs] 
2012-01-24T08:43:16.354+0000: 138663.880: [GC [PSYoungGen: 9525K->1576K(44800K)] 26844K->18895K(72576K), 0.0055170 secs] [Times: user=0.00 sys=0.00, real=0.01 secs] 
2012-01-24T08:43:16.360+0000: 138663.885: [Full GC (System) [PSYoungGen: 1576K->0K(44800K)] [ParOldGen: 17319K->17910K(27776K)] 18895K->17910K(72576K) [PSPermGen: 44643K->44539K(47744K)], 0.3158560 secs] [Times: user=0.35 sys=0.00, real=0.31 secs] 
2012-01-24T08:57:04.815+0000: 139492.341: [GC [PSYoungGen: 42747K->424K(44928K)] 60658K->18334K(72704K), 0.0032070 secs] [Times: user=0.00 sys=0.00, real=0.01 secs] 
2012-01-24T09:10:00.449+0000: 140267.975: [GC [PSYoungGen: 43234K->744K(44992K)] 61144K->18654K(72768K), 0.0042420 secs] [Times: user=0.00 sys=0.00, real=0.00 secs] 
2012-01-24T09:25:28.105+0000: 141195.631: [GC [PSYoungGen: 43560K->904K(44864K)] 61470K->18814K(72640K), 0.0046750 secs] [Times: user=0.01 sys=0.00, real=0.01 secs] 
2012-01-24T09:43:16.676+0000: 142264.202: [GC [PSYoungGen: 38991K->936K(43840K)] 56902K->18846K(71616K), 0.0044830 secs] [Times: user=0.00 sys=0.00, real=0.01 secs] 
2012-01-24T09:43:16.681+0000: 142264.206: [Full GC (System) [PSYoungGen: 936K->0K(43840K)] [ParOldGen: 17910K->17896K(27776K)] 18846K->17896K(71616K) [PSPermGen: 44577K->44542K(47488K)], 0.2944520 secs] [Times: user=0.34 sys=0.00, real=0.29 secs] 
2012-01-24T09:56:55.585+0000: 143083.111: [GC [PSYoungGen: 42877K->424K(44864K)] 60773K->18320K(72640K), 0.0030100 secs] [Times: user=0.00 sys=0.00, real=0.01 secs] 
2012-01-24T10:12:08.710+0000: 143996.235: [GC [PSYoungGen: 43304K->715K(44864K)] 61200K->18612K(72640K), 0.0040880 secs] [Times: user=0.01 sys=0.00, real=0.00 secs] 
2012-01-24T10:29:24.284+0000: 145031.809: [GC [PSYoungGen: 43595K->971K(44736K)] 61492K->18868K(72512K), 0.0047570 secs] [Times: user=0.01 sys=0.00, real=0.01 secs] 
2012-01-24T10:43:16.977+0000: 145864.502: [GC [PSYoungGen: 40408K->912K(43904K)] 58305K->18808K(71680K), 0.0043010 secs] [Times: user=0.01 sys=0.00, real=0.01 secs] 
2012-01-24T10:43:16.981+0000: 145864.506: [Full GC (System) [PSYoungGen: 912K->0K(43904K)] [ParOldGen: 17896K->17751K(27776K)] 18808K->17751K(71680K) [PSPermGen: 44576K->44543K(47232K)], 0.2856510 secs] [Times: user=0.31 sys=0.00, real=0.28 secs] 
2012-01-24T10:58:51.208+0000: 146798.733: [GC [PSYoungGen: 42944K->408K(44736K)] 60695K->18159K(72512K), 0.0033040 secs] [Times: user=0.00 sys=0.00, real=0.02 secs] 
2012-01-24T11:13:04.645+0000: 147652.171: [GC [PSYoungGen: 43352K->635K(44736K)] 61103K->18386K(72512K), 0.0039300 secs] [Times: user=0.01 sys=0.00, real=0.01 secs] 
2012-01-24T11:30:00.399+0000: 148667.924: [GC [PSYoungGen: 43579K->920K(44608K)] 61330K->18671K(72384K), 0.0044050 secs] [Times: user=0.00 sys=0.00, real=0.00 secs] 
2012-01-24T11:43:17.268+0000: 149464.793: [GC [PSYoungGen: 42665K->800K(43840K)] 60416K->18551K(71616K), 0.0043820 secs] [Times: user=0.01 sys=0.00, real=0.00 secs] 
2012-01-24T11:43:17.272+0000: 149464.798: [Full GC (System) [PSYoungGen: 800K->0K(43840K)] [ParOldGen: 17751K->17772K(27776K)] 18551K->17772K(71616K) [PSPermGen: 44578K->44543K(46976K)], 0.2856130 secs] [Times: user=0.31 sys=0.00, real=0.29 secs] 
2012-01-24T11:57:47.103+0000: 150334.628: [GC [PSYoungGen: 43008K->424K(44608K)] 60780K->18196K(72384K), 0.0032170 secs] [Times: user=0.00 sys=0.00, real=0.00 secs] 
2012-01-24T12:10:59.251+0000: 151126.777: [GC [PSYoungGen: 43432K->608K(44608K)] 61204K->18380K(72384K), 0.0040980 secs] [Times: user=0.00 sys=0.00, real=0.00 secs] 
2012-01-24T12:27:14.893+0000: 152102.419: [GC [PSYoungGen: 43616K->792K(44544K)] 61388K->18564K(72320K), 0.0044210 secs] [Times: user=0.00 sys=0.01, real=0.01 secs] 
2012-01-24T12:41:28.514+0000: 152956.039: [GC [PSYoungGen: 43864K->835K(44608K)] 61636K->18607K(72384K), 0.0047920 secs] [Times: user=0.01 sys=0.00, real=0.01 secs] 
2012-01-24T12:43:17.559+0000: 153065.085: [GC [PSYoungGen: 7903K->784K(44480K)] 25675K->18556K(72256K), 0.0040500 secs] [Times: user=0.00 sys=0.00, real=0.00 secs] 
2012-01-24T12:43:17.563+0000: 153065.089: [Full GC (System) [PSYoungGen: 784K->0K(44480K)] [ParOldGen: 17772K->17782K(27776K)] 18556K->17782K(72256K) [PSPermGen: 44578K->44543K(46720K)], 0.2902490 secs] [Times: user=0.32 sys=0.00, real=0.29 secs] 
2012-01-24T12:57:44.121+0000: 153931.646: [GC [PSYoungGen: 43136K->448K(44544K)] 60918K->18230K(72320K), 0.0032530 secs] [Times: user=0.01 sys=0.00, real=0.00 secs] 
2012-01-24T13:16:55.285+0000: 155082.811: [GC [PSYoungGen: 43584K->648K(44480K)] 61366K->18430K(72256K), 0.0038940 secs] [Times: user=0.00 sys=0.00, real=0.01 secs] 
2012-01-24T13:31:08.142+0000: 155935.667: [GC [PSYoungGen: 43848K->880K(44544K)] 61630K->18662K(72320K), 0.0050740 secs] [Times: user=0.00 sys=0.00, real=0.00 secs] 
2012-01-24T13:43:17.855+0000: 156665.380: [GC [PSYoungGen: 30644K->896K(44608K)] 48427K->18678K(72384K), 0.0042240 secs] [Times: user=0.00 sys=0.00, real=0.01 secs] 
2012-01-24T13:43:17.859+0000: 156665.385: [Full GC (System) [PSYoungGen: 896K->0K(44608K)] [ParOldGen: 17782K->17775K(27776K)] 18678K->17775K(72384K) [PSPermGen: 44584K->44552K(46464K)], 0.2865180 secs] [Times: user=0.31 sys=0.00, real=0.28 secs] 
2012-01-24T13:57:34.082+0000: 157521.607: [GC [PSYoungGen: 43264K->448K(44608K)] 61039K->18223K(72384K), 0.0032380 secs] [Times: user=0.00 sys=0.00, real=0.00 secs] 
2012-01-24T14:12:47.641+0000: 158435.167: [GC [PSYoungGen: 43712K->656K(44544K)] 61487K->18431K(72320K), 0.0039000 secs] [Times: user=0.00 sys=0.00, real=0.00 secs] 
2012-01-24T14:30:00.383+0000: 159467.909: [GC [PSYoungGen: 43984K->1056K(44608K)] 61759K->18831K(72384K), 0.0048330 secs] [Times: user=0.00 sys=0.00, real=0.01 secs] 
2012-01-24T14:43:18.147+0000: 160265.672: [GC [PSYoungGen: 42065K->944K(44736K)] 59840K->18719K(72512K), 0.0044070 secs] [Times: user=0.00 sys=0.00, real=0.01 secs] 
2012-01-24T14:43:18.151+0000: 160265.677: [Full GC (System) [PSYoungGen: 944K->0K(44736K)] [ParOldGen: 17775K->17775K(27776K)] 18719K->17775K(72512K) [PSPermGen: 44585K->44552K(46208K)], 0.3012320 secs] [Times: user=0.33 sys=0.00, real=0.30 secs] 
2012-01-24T14:58:31.307+0000: 161178.832: [GC [PSYoungGen: 43392K->448K(44736K)] 61167K->18223K(72512K), 0.0032870 secs] [Times: user=0.00 sys=0.00, real=0.01 secs] 
2012-01-24T15:13:57.648+0000: 162105.174: [GC [PSYoungGen: 43840K->656K(44736K)] 61615K->18431K(72512K), 0.0038650 secs] [Times: user=0.00 sys=0.00, real=0.00 secs] 
2012-01-24T15:30:00.402+0000: 163067.927: [GC [PSYoungGen: 44104K->1056K(44800K)] 61879K->18831K(72576K), 0.0045960 secs] [Times: user=0.01 sys=0.00, real=0.00 secs] 
2012-01-24T15:43:18.454+0000: 163865.979: [GC [PSYoungGen: 36755K->944K(44928K)] 54530K->18719K(72704K), 0.0042830 secs] [Times: user=0.01 sys=0.00, real=0.01 secs] 
2012-01-24T15:43:18.458+0000: 163865.984: [Full GC (System) [PSYoungGen: 944K->0K(44928K)] [ParOldGen: 17775K->17775K(27776K)] 18719K->17775K(72704K) [PSPermGen: 44585K->44552K(46208K)], 0.2797790 secs] [Times: user=0.30 sys=0.00, real=0.28 secs] 
2012-01-24T15:56:41.116+0000: 164668.642: [GC [PSYoungGen: 43520K->488K(44928K)] 61295K->18263K(72704K), 0.0037270 secs] [Times: user=0.00 sys=0.00, real=0.01 secs] 
2012-01-24T16:15:57.667+0000: 165825.193: [GC [PSYoungGen: 44008K->699K(44864K)] 61783K->18475K(72640K), 0.0042860 secs] [Times: user=0.01 sys=0.00, real=0.00 secs] 
2012-01-24T16:31:14.168+0000: 166741.694: [GC [PSYoungGen: 44283K->912K(44928K)] 62059K->18687K(72704K), 0.0047720 secs] [Times: user=0.00 sys=0.00, real=0.00 secs] 
2012-01-24T16:43:18.739+0000: 167466.265: [GC [PSYoungGen: 31544K->928K(44992K)] 49320K->18703K(72768K), 0.0044260 secs] [Times: user=0.00 sys=0.00, real=0.00 secs] 
2012-01-24T16:43:18.744+0000: 167466.269: [Full GC (System) [PSYoungGen: 928K->0K(44992K)] [ParOldGen: 17775K->17782K(27776K)] 18703K->17782K(72768K) [PSPermGen: 44585K->44553K(45952K)], 0.2880170 secs] [Times: user=0.31 sys=0.00, real=0.29 secs] 
2012-01-24T16:57:43.863+0000: 168331.388: [GC [PSYoungGen: 43648K->440K(44992K)] 61430K->18222K(72768K), 0.0032160 secs] [Times: user=0.00 sys=0.00, real=0.00 secs] 
2012-01-24T17:10:57.939+0000: 169125.465: [GC [PSYoungGen: 44088K->477K(45056K)] 61870K->18259K(72832K), 0.0031530 secs] [Times: user=0.01 sys=0.00, real=0.00 secs] 
2012-01-24T17:26:15.630+0000: 170043.156: [GC [PSYoungGen: 44189K->733K(45056K)] 61971K->18515K(72832K), 0.0040790 secs] [Times: user=0.01 sys=0.00, real=0.00 secs] 
2012-01-24T17:39:31.671+0000: 170839.197: [GC [PSYoungGen: 44445K->773K(45056K)] 62227K->18555K(72832K), 0.0041140 secs] [Times: user=0.00 sys=0.00, real=0.00 secs] 
2012-01-24T17:43:19.033+0000: 171066.558: [GC [PSYoungGen: 12011K->757K(44544K)] 29793K->18539K(72320K), 0.0034430 secs] [Times: user=0.00 sys=0.00, real=0.00 secs] 
2012-01-24T17:43:19.037+0000: 171066.562: [Full GC (System) [PSYoungGen: 757K->0K(44544K)] [ParOldGen: 17782K->17820K(27776K)] 18539K->17820K(72320K) [PSPermGen: 44592K->44553K(45696K)], 0.2910800 secs] [Times: user=0.32 sys=0.00, real=0.30 secs] 
2012-01-24T17:56:51.869+0000: 171879.394: [GC [PSYoungGen: 43776K->440K(44992K)] 61596K->18260K(72768K), 0.0029970 secs] [Times: user=0.00 sys=0.00, real=0.00 secs] 
2012-01-24T18:10:00.387+0000: 172667.912: [GC [PSYoungGen: 44216K->832K(44992K)] 62036K->18652K(72768K), 0.0044460 secs] [Times: user=0.01 sys=0.00, real=0.01 secs] 
2012-01-24T18:24:23.435+0000: 173530.960: [GC [PSYoungGen: 44608K->888K(45056K)] 62428K->18708K(72832K), 0.0046020 secs] [Times: user=0.00 sys=0.00, real=0.01 secs] 
2012-01-24T18:37:39.002+0000: 174326.527: [GC [PSYoungGen: 44728K->981K(45056K)] 62548K->18801K(72832K), 0.0045500 secs] [Times: user=0.01 sys=0.00, real=0.00 secs] 
2012-01-24T18:43:19.329+0000: 174666.854: [GC [PSYoungGen: 19301K->944K(45184K)] 37121K->18764K(72960K), 0.0045680 secs] [Times: user=0.01 sys=0.00, real=0.00 secs] 
2012-01-24T18:43:19.333+0000: 174666.859: [Full GC (System) [PSYoungGen: 944K->0K(45184K)] [ParOldGen: 17820K->17833K(27776K)] 18764K->17833K(72960K) [PSPermGen: 44593K->44557K(45696K)], 0.2904000 secs] [Times: user=0.31 sys=0.00, real=0.29 secs] 
2012-01-24T18:56:06.680+0000: 175434.205: [GC [PSYoungGen: 43904K->448K(45184K)] 61737K->18281K(72960K), 0.0033960 secs] [Times: user=0.00 sys=0.00, real=0.00 secs] 
2012-01-24T19:14:22.555+0000: 176530.080: [GC [PSYoungGen: 44352K->648K(45248K)] 62185K->18481K(73024K), 0.0043060 secs] [Times: user=0.01 sys=0.00, real=0.01 secs] 
2012-01-24T19:29:11.287+0000: 177418.813: [GC [PSYoungGen: 44616K->896K(45248K)] 62449K->18729K(73024K), 0.0050870 secs] [Times: user=0.00 sys=0.00, real=0.00 secs] 
2012-01-24T19:41:55.172+0000: 178182.697: [GC [PSYoungGen: 44864K->936K(45312K)] 62697K->18769K(73088K), 0.0054150 secs] [Times: user=0.01 sys=0.00, real=0.01 secs] 
2012-01-24T19:43:19.625+0000: 178267.150: [GC [PSYoungGen: 5577K->912K(45312K)] 23411K->18745K(73088K), 0.0038120 secs] [Times: user=0.00 sys=0.00, real=0.01 secs] 
2012-01-24T19:43:19.629+0000: 178267.154: [Full GC (System) [PSYoungGen: 912K->0K(45312K)] [ParOldGen: 17833K->17829K(27776K)] 18745K->17829K(73088K) [PSPermGen: 44601K->44566K(45440K)], 0.2861250 secs] [Times: user=0.31 sys=0.00, real=0.28 secs] 
2012-01-24T19:56:12.397+0000: 179039.922: [GC [PSYoungGen: 44032K->432K(45248K)] 61861K->18261K(73024K), 0.0033050 secs] [Times: user=0.01 sys=0.00, real=0.01 secs] 
2012-01-24T20:10:00.482+0000: 179868.007: [GC [PSYoungGen: 44372K->832K(45312K)] 62202K->18661K(73088K), 0.0044340 secs] [Times: user=0.01 sys=0.00, real=0.00 secs] 
2012-01-24T20:24:30.060+0000: 180737.585: [GC [PSYoungGen: 44800K->864K(45312K)] 62629K->18693K(73088K), 0.0044140 secs] [Times: user=0.00 sys=0.00, real=0.00 secs] 
2012-01-24T20:38:02.552+0000: 181550.078: [GC [PSYoungGen: 44896K->864K(45312K)] 62725K->18693K(73088K), 0.0042530 secs] [Times: user=0.00 sys=0.00, real=0.00 secs] 
2012-01-24T20:43:19.916+0000: 181867.442: [GC [PSYoungGen: 19442K->848K(45248K)] 37272K->18677K(73024K), 0.0039860 secs] [Times: user=0.01 sys=0.00, real=0.01 secs] 
2012-01-24T20:43:19.920+0000: 181867.446: [Full GC (System) [PSYoungGen: 848K->0K(45248K)] [ParOldGen: 17829K->17829K(27776K)] 18677K->17829K(73024K) [PSPermGen: 44603K->44567K(45440K)], 0.2831080 secs] [Times: user=0.30 sys=0.00, real=0.28 secs] 
2012-01-24T21:00:24.240+0000: 182891.766: [GC [PSYoungGen: 44096K->704K(45312K)] 61925K->18534K(73088K), 0.0042330 secs] [Times: user=0.00 sys=0.00, real=0.00 secs] 
2012-01-24T21:17:40.912+0000: 183928.438: [GC [PSYoungGen: 44800K->691K(45376K)] 62630K->18521K(73152K), 0.0039880 secs] [Times: user=0.00 sys=0.00, real=0.00 secs] 
2012-01-24T21:30:57.087+0000: 184724.612: [GC [PSYoungGen: 44851K->944K(45376K)] 62681K->18773K(73152K), 0.0050910 secs] [Times: user=0.00 sys=0.00, real=0.01 secs] 
2012-01-24T21:43:20.205+0000: 185467.730: [GC [PSYoungGen: 39584K->896K(45440K)] 57414K->18725K(73216K), 0.0051770 secs] [Times: user=0.01 sys=0.00, real=0.01 secs] 
2012-01-24T21:43:20.210+0000: 185467.736: [Full GC (System) [PSYoungGen: 896K->0K(45440K)] [ParOldGen: 17829K->17830K(27776K)] 18725K->17830K(73216K) [PSPermGen: 44667K->44567K(45440K)], 0.2861010 secs] [Times: user=0.31 sys=0.00, real=0.28 secs] 
2012-01-24T22:01:29.408+0000: 186556.933: [GC [PSYoungGen: 44224K->640K(45440K)] 62054K->18470K(73216K), 0.0047590 secs] [Times: user=0.01 sys=0.00, real=0.00 secs] 
2012-01-24T22:19:44.813+0000: 187652.338: [GC [PSYoungGen: 44864K->677K(45504K)] 62694K->18508K(73280K), 0.0038280 secs] [Times: user=0.01 sys=0.00, real=0.00 secs] 
2012-01-24T22:33:00.155+0000: 188447.681: [GC [PSYoungGen: 44965K->896K(45504K)] 62796K->18726K(73280K), 0.0050360 secs] [Times: user=0.01 sys=0.00, real=0.01 secs] 
2012-01-24T22:43:20.498+0000: 189068.023: [GC [PSYoungGen: 34028K->912K(45568K)] 51859K->18742K(73344K), 0.0044410 secs] [Times: user=0.01 sys=0.00, real=0.00 secs] 
2012-01-24T22:43:20.502+0000: 189068.028: [Full GC (System) [PSYoungGen: 912K->0K(45568K)] [ParOldGen: 17830K->17832K(27776K)] 18742K->17832K(73344K) [PSPermGen: 44600K->44567K(45184K)], 0.3190440 secs] [Times: user=0.33 sys=0.00, real=0.32 secs] 
2012-01-24T22:56:30.047+0000: 189857.572: [GC [PSYoungGen: 44352K->440K(45568K)] 62184K->18272K(73344K), 0.0031660 secs] [Times: user=0.00 sys=0.00, real=0.01 secs] 
2012-01-24T23:10:02.400+0000: 190669.926: [GC [PSYoungGen: 44786K->752K(45504K)] 62619K->18584K(73280K), 0.0039100 secs] [Times: user=0.01 sys=0.00, real=0.00 secs] 
2012-01-24T23:29:05.053+0000: 191812.578: [GC [PSYoungGen: 45168K->880K(45568K)] 63000K->18712K(73344K), 0.0045930 secs] [Times: user=0.01 sys=0.00, real=0.01 secs] 
2012-01-24T23:42:22.887+0000: 192610.413: [GC [PSYoungGen: 45296K->920K(45696K)] 63128K->18752K(73472K), 0.0050550 secs] [Times: user=0.00 sys=0.00, real=0.01 secs] 
2012-01-24T23:43:20.823+0000: 192668.348: [GC [PSYoungGen: 3354K->880K(45696K)] 21187K->18712K(73472K), 0.0036890 secs] [Times: user=0.00 sys=0.00, real=0.00 secs] 
2012-01-24T23:43:20.826+0000: 192668.352: [Full GC (System) [PSYoungGen: 880K->0K(45696K)] [ParOldGen: 17832K->17833K(27776K)] 18712K->17833K(73472K) [PSPermGen: 44603K->44567K(45184K)], 0.2893620 secs] [Times: user=0.31 sys=0.00, real=0.29 secs] 
2012-01-24T23:55:39.458+0000: 193406.983: [GC [PSYoungGen: 44480K->432K(45696K)] 62313K->18265K(73472K), 0.0037960 secs] [Times: user=0.00 sys=0.00, real=0.00 secs] 
2012-01-25T00:10:00.397+0000: 194267.922: [GC [PSYoungGen: 44911K->827K(45696K)] 62745K->18661K(73472K), 0.0038270 secs] [Times: user=0.00 sys=0.00, real=0.01 secs] 
2012-01-25T00:23:13.479+0000: 195061.005: [GC [PSYoungGen: 45307K->1133K(45696K)] 63141K->18967K(73472K), 0.0053790 secs] [Times: user=0.01 sys=0.00, real=0.00 secs] 
2012-01-25T00:36:30.891+0000: 195858.416: [GC [PSYoungGen: 45613K->1125K(45760K)] 63447K->18959K(73536K), 0.0046980 secs] [Times: user=0.00 sys=0.00, real=0.00 secs] 
2012-01-25T00:43:21.117+0000: 196268.642: [GC [PSYoungGen: 20645K->1050K(45824K)] 38478K->18883K(73600K), 0.0042210 secs] [Times: user=0.01 sys=0.00, real=0.01 secs] 
2012-01-25T00:43:21.121+0000: 196268.647: [Full GC (System) [PSYoungGen: 1050K->0K(45824K)] [ParOldGen: 17833K->17837K(27776K)] 18883K->17837K(73600K) [PSPermGen: 44604K->44568K(45184K)], 0.2839350 secs] [Times: user=0.29 sys=0.00, real=0.28 secs] 
2012-01-25T01:00:54.740+0000: 197322.265: [GC [PSYoungGen: 44480K->640K(45888K)] 62317K->18477K(73664K), 0.0041260 secs] [Times: user=0.00 sys=0.00, real=0.00 secs] 
2012-01-25T01:14:11.162+0000: 198118.687: [GC [PSYoungGen: 45120K->640K(45824K)] 62957K->18477K(73600K), 0.0038300 secs] [Times: user=0.00 sys=0.00, real=0.00 secs] 
2012-01-25T01:28:55.117+0000: 199002.643: [GC [PSYoungGen: 45184K->880K(45888K)] 63021K->18717K(73664K), 0.0045080 secs] [Times: user=0.00 sys=0.00, real=0.00 secs] 
2012-01-25T01:43:21.406+0000: 199868.932: [GC [PSYoungGen: 35376K->904K(45952K)] 53214K->18741K(73728K), 0.0042890 secs] [Times: user=0.00 sys=0.00, real=0.01 secs] 
2012-01-25T01:43:21.411+0000: 199868.936: [Full GC (System) [PSYoungGen: 904K->0K(45952K)] [ParOldGen: 17837K->17846K(27776K)] 18741K->17846K(73728K) [PSPermGen: 44604K->44568K(45184K)], 0.2867130 secs] [Times: user=0.31 sys=0.00, real=0.29 secs] 
2012-01-25T01:55:57.609+0000: 200625.134: [GC [PSYoungGen: 44608K->432K(45952K)] 62454K->18278K(73728K), 0.0031350 secs] [Times: user=0.01 sys=0.00, real=0.00 secs] 
2012-01-25T02:10:00.361+0000: 201467.886: [GC [PSYoungGen: 45026K->736K(45888K)] 62873K->18582K(73664K), 0.0037970 secs] [Times: user=0.01 sys=0.00, real=0.00 secs] 
2012-01-25T02:24:33.602+0000: 202341.128: [GC [PSYoungGen: 45408K->888K(45952K)] 63254K->18734K(73728K), 0.0044900 secs] [Times: user=0.00 sys=0.00, real=0.00 secs] 
2012-01-25T02:37:50.064+0000: 203137.589: [GC [PSYoungGen: 45560K->944K(46016K)] 63406K->18790K(73792K), 0.0045180 secs] [Times: user=0.00 sys=0.00, real=0.01 secs] 
2012-01-25T02:43:21.699+0000: 203469.224: [GC [PSYoungGen: 19498K->944K(46016K)] 37344K->18790K(73792K), 0.0041060 secs] [Times: user=0.00 sys=0.00, real=0.00 secs] 
2012-01-25T02:43:21.703+0000: 203469.228: [Full GC (System) [PSYoungGen: 944K->0K(46016K)] [ParOldGen: 17846K->17840K(27776K)] 18790K->17840K(73792K) [PSPermGen: 44603K->44568K(45184K)], 0.2924620 secs] [Times: user=0.31 sys=0.00, real=0.29 secs] 
2012-01-25T02:56:13.182+0000: 204240.708: [GC [PSYoungGen: 44736K->432K(45952K)] 62576K->18272K(73728K), 0.0030820 secs] [Times: user=0.00 sys=0.00, real=0.00 secs] 
2012-01-25T03:10:00.387+0000: 205067.912: [GC [PSYoungGen: 45104K->848K(46016K)] 62944K->18688K(73792K), 0.0041260 secs] [Times: user=0.01 sys=0.00, real=0.01 secs] 
2012-01-25T03:24:48.283+0000: 205955.808: [GC [PSYoungGen: 45520K->688K(46016K)] 63360K->18528K(73792K), 0.0040350 secs] [Times: user=0.01 sys=0.00, real=0.00 secs] 
2012-01-25T03:38:05.614+0000: 206753.140: [GC [PSYoungGen: 45424K->736K(46016K)] 63264K->18576K(73792K), 0.0038120 secs] [Times: user=0.00 sys=0.00, real=0.01 secs] 
2012-01-25T03:43:21.996+0000: 207069.522: [GC [PSYoungGen: 19786K->960K(45952K)] 37627K->18800K(73728K), 0.0043240 secs] [Times: user=0.00 sys=0.00, real=0.01 secs] 
2012-01-25T03:43:22.001+0000: 207069.526: [Full GC (System) [PSYoungGen: 960K->0K(45952K)] [ParOldGen: 17840K->17846K(27776K)] 18800K->17846K(73728K) [PSPermGen: 44605K->44568K(44928K)], 0.2881090 secs] [Times: user=0.30 sys=0.00, real=0.29 secs] 
2012-01-25T03:56:28.826+0000: 207856.352: [GC [PSYoungGen: 44736K->432K(46016K)] 62582K->18278K(73792K), 0.0032540 secs] [Times: user=0.00 sys=0.00, real=0.01 secs] 
2012-01-25T04:10:00.370+0000: 208667.895: [GC [PSYoungGen: 45159K->784K(45952K)] 63005K->18630K(73728K), 0.0044200 secs] [Times: user=0.00 sys=0.00, real=0.00 secs] 
2012-01-25T04:23:02.085+0000: 209449.611: [GC [PSYoungGen: 45584K->896K(46016K)] 63430K->18742K(73792K), 0.0051310 secs] [Times: user=0.01 sys=0.00, real=0.01 secs] 
2012-01-25T04:36:19.020+0000: 210246.545: [GC [PSYoungGen: 45696K->928K(46016K)] 63542K->18774K(73792K), 0.0048600 secs] [Times: user=0.01 sys=0.00, real=0.00 secs] 
2012-01-25T04:43:22.290+0000: 210669.816: [GC [PSYoungGen: 20631K->944K(46080K)] 38478K->18790K(73856K), 0.0041950 secs] [Times: user=0.01 sys=0.00, real=0.00 secs] 
2012-01-25T04:43:22.295+0000: 210669.820: [Full GC (System) [PSYoungGen: 944K->0K(46080K)] [ParOldGen: 17846K->17850K(27776K)] 18790K->17850K(73856K) [PSPermGen: 44605K->44569K(44928K)], 0.2843660 secs] [Times: user=0.29 sys=0.00, real=0.29 secs] 
2012-01-25T04:55:43.774+0000: 211411.300: [GC [PSYoungGen: 44800K->499K(46144K)] 62650K->18350K(73920K), 0.0032550 secs] [Times: user=0.00 sys=0.00, real=0.01 secs] 
2012-01-25T05:10:00.364+0000: 212267.889: [GC [PSYoungGen: 45358K->784K(46144K)] 63208K->18634K(73920K), 0.0037750 secs] [Times: user=0.00 sys=0.00, real=0.01 secs] 
2012-01-25T05:23:20.355+0000: 213067.880: [GC [PSYoungGen: 45648K->888K(46144K)] 63498K->18738K(73920K), 0.0047660 secs] [Times: user=0.01 sys=0.00, real=0.01 secs] 
2012-01-25T05:35:35.997+0000: 213803.522: [GC [PSYoungGen: 45816K->1000K(46144K)] 63666K->18850K(73920K), 0.0048480 secs] [Times: user=0.00 sys=0.00, real=0.01 secs] 
2012-01-25T05:43:22.580+0000: 214270.105: [GC [PSYoungGen: 24916K->944K(46272K)] 42767K->18794K(74048K), 0.0045150 secs] [Times: user=0.00 sys=0.01, real=0.00 secs] 
2012-01-25T05:43:22.585+0000: 214270.110: [Full GC (System) [PSYoungGen: 944K->0K(46272K)] [ParOldGen: 17850K->17849K(27776K)] 18794K->17849K(74048K) [PSPermGen: 44642K->44569K(44928K)], 0.2893910 secs] [Times: user=0.30 sys=0.00, real=0.29 secs] 
2012-01-25T05:56:00.465+0000: 215027.990: [GC [PSYoungGen: 44992K->483K(46272K)] 62841K->18333K(74048K), 0.0032430 secs] [Times: user=0.01 sys=0.00, real=0.01 secs] 
2012-01-25T06:10:00.352+0000: 215867.877: [GC [PSYoungGen: 45456K->840K(46336K)] 63306K->18689K(74112K), 0.0039710 secs] [Times: user=0.00 sys=0.00, real=0.00 secs] 
2012-01-25T06:23:35.017+0000: 216682.542: [GC [PSYoungGen: 45896K->856K(46336K)] 63745K->18705K(74112K), 0.0046640 secs] [Times: user=0.00 sys=0.00, real=0.01 secs] 
2012-01-25T06:36:52.009+0000: 217479.534: [GC [PSYoungGen: 45912K->893K(46336K)] 63761K->18742K(74112K), 0.0046480 secs] [Times: user=0.00 sys=0.00, real=0.00 secs] 
2012-01-25T06:43:22.875+0000: 217870.401: [GC [PSYoungGen: 21922K->832K(46336K)] 39772K->18681K(74112K), 0.0040230 secs] [Times: user=0.00 sys=0.00, real=0.01 secs] 
2012-01-25T06:43:22.879+0000: 217870.405: [Full GC (System) [PSYoungGen: 832K->0K(46336K)] [ParOldGen: 17849K->17851K(27776K)] 18681K->17851K(74112K) [PSPermGen: 44644K->44569K(44928K)], 0.2893710 secs] [Times: user=0.30 sys=0.00, real=0.29 secs] 
2012-01-25T06:56:18.195+0000: 218645.721: [GC [PSYoungGen: 45078K->432K(46336K)] 62930K->18283K(74112K), 0.0035690 secs] [Times: user=0.01 sys=0.00, real=0.01 secs] 
2012-01-25T07:10:00.413+0000: 219467.938: [GC [PSYoungGen: 45527K->784K(46336K)] 63379K->18636K(74112K), 0.0038520 secs] [Times: user=0.00 sys=0.00, real=0.00 secs] 
2012-01-25T07:23:57.912+0000: 220305.437: [GC [PSYoungGen: 45904K->888K(46400K)] 63756K->18739K(74176K), 0.0049190 secs] [Times: user=0.00 sys=0.00, real=0.00 secs] 
2012-01-25T07:37:02.848+0000: 221090.373: [GC [PSYoungGen: 46072K->968K(46400K)] 63923K->18819K(74176K), 0.0052270 secs] [Times: user=0.00 sys=0.00, real=0.00 secs] 
2012-01-25T07:43:23.170+0000: 221470.695: [GC [PSYoungGen: 21781K->944K(46464K)] 39633K->18795K(74240K), 0.0046750 secs] [Times: user=0.00 sys=0.00, real=0.00 secs] 
2012-01-25T07:43:23.175+0000: 221470.700: [Full GC (System) [PSYoungGen: 944K->0K(46464K)] [ParOldGen: 17851K->17857K(27776K)] 18795K->17857K(74240K) [PSPermGen: 44605K->44569K(44928K)], 0.2887700 secs] [Times: user=0.30 sys=0.00, real=0.29 secs] 
2012-01-25T07:56:26.056+0000: 222253.582: [GC [PSYoungGen: 45248K->432K(46464K)] 63105K->18289K(74240K), 0.0034450 secs] [Times: user=0.00 sys=0.00, real=0.01 secs] 
2012-01-25T08:10:00.380+0000: 223067.906: [GC [PSYoungGen: 45680K->672K(46464K)] 63537K->18529K(74240K), 0.0038090 secs] [Times: user=0.00 sys=0.01, real=0.00 secs] 
2012-01-25T08:24:19.843+0000: 223927.368: [GC [PSYoungGen: 45984K->904K(46528K)] 63841K->18761K(74304K), 0.0049910 secs] [Times: user=0.00 sys=0.00, real=0.01 secs] 
2012-01-25T08:40:37.367+0000: 224904.893: [GC [PSYoungGen: 46216K->944K(46528K)] 64073K->18801K(74304K), 0.0049260 secs] [Times: user=0.01 sys=0.00, real=0.01 secs] 
2012-01-25T08:43:23.465+0000: 225070.990: [GC [PSYoungGen: 8681K->928K(46592K)] 26538K->18785K(74368K), 0.0038300 secs] [Times: user=0.00 sys=0.00, real=0.01 secs] 
2012-01-25T08:43:23.468+0000: 225070.994: [Full GC (System) [PSYoungGen: 928K->0K(46592K)] [ParOldGen: 17857K->17852K(27776K)] 18785K->17852K(74368K) [PSPermGen: 44603K->44569K(44928K)], 0.2905610 secs] [Times: user=0.30 sys=0.00, real=0.29 secs] 
2012-01-25T08:55:54.115+0000: 225821.640: [GC [PSYoungGen: 45312K->483K(46656K)] 63164K->18336K(74432K), 0.0034300 secs] [Times: user=0.00 sys=0.00, real=0.01 secs] 
2012-01-25T09:07:44.423+0000: 226531.949: [GC [PSYoungGen: 45859K->905K(46656K)] 63712K->18758K(74432K), 0.0047930 secs] [Times: user=0.00 sys=0.00, real=0.01 secs] 
2012-01-25T09:20:52.459+0000: 227319.985: [GC [PSYoungGen: 46281K->912K(46720K)] 64134K->18764K(74496K), 0.0049710 secs] [Times: user=0.00 sys=0.00, real=0.00 secs] 
2012-01-25T09:33:00.362+0000: 228047.888: [GC [PSYoungGen: 46352K->976K(46720K)] 64204K->18828K(74496K), 0.0051950 secs] [Times: user=0.01 sys=0.00, real=0.01 secs] 
2012-01-25T09:43:23.760+0000: 228671.286: [GC [PSYoungGen: 34625K->944K(46784K)] 52478K->18796K(74560K), 0.0048850 secs] [Times: user=0.01 sys=0.00, real=0.00 secs] 
2012-01-25T09:43:23.765+0000: 228671.291: [Full GC (System) [PSYoungGen: 944K->0K(46784K)] [ParOldGen: 17852K->17869K(27776K)] 18796K->17869K(74560K) [PSPermGen: 44674K->44577K(44928K)], 0.2905480 secs] [Times: user=0.30 sys=0.00, real=0.29 secs] 
2012-01-25T09:56:15.095+0000: 229442.620: [GC [PSYoungGen: 45504K->485K(46784K)] 63373K->18355K(74560K), 0.0034060 secs] [Times: user=0.00 sys=0.00, real=0.01 secs] 
2012-01-25T10:10:00.370+0000: 230267.896: [GC [PSYoungGen: 45989K->792K(46784K)] 63859K->18662K(74560K), 0.0037670 secs] [Times: user=0.00 sys=0.00, real=0.00 secs] 
2012-01-25T10:23:31.891+0000: 231079.417: [GC [PSYoungGen: 46360K->872K(46848K)] 64230K->18741K(74624K), 0.0045370 secs] [Times: user=0.00 sys=0.01, real=0.00 secs] 
2012-01-25T10:36:40.020+0000: 231867.545: [GC [PSYoungGen: 46440K->912K(46912K)] 64309K->18781K(74688K), 0.0050230 secs] [Times: user=0.01 sys=0.00, real=0.00 secs] 
2012-01-25T10:43:24.057+0000: 232271.582: [GC [PSYoungGen: 26067K->928K(46912K)] 43936K->18797K(74688K), 0.0044790 secs] [Times: user=0.01 sys=0.00, real=0.01 secs] 
2012-01-25T10:43:24.062+0000: 232271.587: [Full GC (System) [PSYoungGen: 928K->0K(46912K)] [ParOldGen: 17869K->17871K(27776K)] 18797K->17871K(74688K) [PSPermGen: 44614K->44578K(44928K)], 0.2800340 secs] [Times: user=0.29 sys=0.00, real=0.28 secs] 
2012-01-25T10:55:51.972+0000: 233019.497: [GC [PSYoungGen: 45632K->440K(46912K)] 63503K->18311K(74688K), 0.0032400 secs] [Times: user=0.00 sys=0.00, real=0.00 secs] 
2012-01-25T11:10:00.569+0000: 233868.094: [GC [PSYoungGen: 46072K->871K(46912K)] 63943K->18743K(74688K), 0.0050390 secs] [Times: user=0.00 sys=0.00, real=0.00 secs] 
2012-01-25T11:23:08.611+0000: 234656.136: [GC [PSYoungGen: 46503K->948K(46976K)] 64375K->18820K(74752K), 0.0047590 secs] [Times: user=0.01 sys=0.00, real=0.00 secs] 
2012-01-25T11:36:16.660+0000: 235444.186: [GC [PSYoungGen: 46644K->951K(46976K)] 64516K->18823K(74752K), 0.0045590 secs] [Times: user=0.00 sys=0.00, real=0.00 secs] 
2012-01-25T11:43:24.343+0000: 235871.868: [GC [PSYoungGen: 26167K->951K(47040K)] 44039K->18823K(74816K), 0.0045170 secs] [Times: user=0.00 sys=0.00, real=0.01 secs] 
2012-01-25T11:43:24.347+0000: 235871.873: [Full GC (System) [PSYoungGen: 951K->0K(47040K)] [ParOldGen: 17871K->17894K(27776K)] 18823K->17894K(74816K) [PSPermGen: 44613K->44578K(44928K)], 0.2854350 secs] [Times: user=0.30 sys=0.00, real=0.28 secs] 
2012-01-25T11:56:29.274+0000: 236656.800: [GC [PSYoungGen: 45760K->432K(47040K)] 63654K->18326K(74816K), 0.0031560 secs] [Times: user=0.00 sys=0.00, real=0.01 secs] 
2012-01-25T12:10:00.423+0000: 237467.949: [GC [PSYoungGen: 46192K->816K(47040K)] 64086K->18710K(74816K), 0.0046360 secs] [Times: user=0.00 sys=0.00, real=0.01 secs] 
2012-01-25T12:23:48.307+0000: 238295.833: [GC [PSYoungGen: 46640K->904K(47104K)] 64534K->18798K(74880K), 0.0047710 secs] [Times: user=0.01 sys=0.00, real=0.01 secs] 
2012-01-25T12:36:56.375+0000: 239083.901: [GC [PSYoungGen: 46728K->944K(47168K)] 64622K->18838K(74944K), 0.0046450 secs] [Times: user=0.00 sys=0.00, real=0.01 secs] 
2012-01-25T12:43:24.634+0000: 239472.160: [GC [PSYoungGen: 23371K->944K(47168K)] 41266K->18838K(74944K), 0.0043060 secs] [Times: user=0.00 sys=0.00, real=0.01 secs] 
2012-01-25T12:43:24.639+0000: 239472.164: [Full GC (System) [PSYoungGen: 944K->0K(47168K)] [ParOldGen: 17894K->17900K(27776K)] 18838K->17900K(74944K) [PSPermGen: 44614K->44578K(44928K)], 0.2780520 secs] [Times: user=0.29 sys=0.00, real=0.27 secs] 
2012-01-25T12:56:07.962+0000: 240235.487: [GC [PSYoungGen: 45863K->432K(47168K)] 63763K->18332K(74944K), 0.0032540 secs] [Times: user=0.00 sys=0.00, real=0.00 secs] 
2012-01-25T13:10:00.537+0000: 241068.063: [GC [PSYoungGen: 46314K->704K(47168K)] 64214K->18604K(74944K), 0.0041010 secs] [Times: user=0.00 sys=0.00, real=0.00 secs] 
2012-01-25T13:23:16.831+0000: 241864.357: [GC [PSYoungGen: 46592K->896K(47232K)] 64492K->18796K(75008K), 0.0045940 secs] [Times: user=0.01 sys=0.00, real=0.00 secs] 
2012-01-25T13:33:30.353+0000: 242477.878: [GC [PSYoungGen: 46848K->952K(47232K)] 64748K->18852K(75008K), 0.0050400 secs] [Times: user=0.00 sys=0.00, real=0.01 secs] 
2012-01-25T13:43:24.918+0000: 243072.443: [GC [PSYoungGen: 32840K->944K(47296K)] 50740K->18844K(75072K), 0.0043590 secs] [Times: user=0.00 sys=0.00, real=0.00 secs] 
2012-01-25T13:43:24.922+0000: 243072.448: [Full GC (System) [PSYoungGen: 944K->0K(47296K)] [ParOldGen: 17900K->17909K(27776K)] 18844K->17909K(75072K) [PSPermGen: 44614K->44578K(44928K)], 0.2911170 secs] [Times: user=0.30 sys=0.00, real=0.29 secs] 
2012-01-25T13:55:43.965+0000: 243811.491: [GC [PSYoungGen: 46016K->491K(47296K)] 63925K->18401K(75072K), 0.0032870 secs] [Times: user=0.00 sys=0.00, real=0.01 secs] 
2012-01-25T14:10:00.321+0000: 244667.847: [GC [PSYoungGen: 46507K->520K(47360K)] 64417K->18430K(75136K), 0.0034960 secs] [Times: user=0.01 sys=0.00, real=0.00 secs] 
2012-01-25T14:23:00.934+0000: 245448.460: [GC [PSYoungGen: 46600K->896K(47360K)] 64510K->18806K(75136K), 0.0053850 secs] [Times: user=0.00 sys=0.00, real=0.01 secs] 
2012-01-25T14:36:09.021+0000: 246236.547: [GC [PSYoungGen: 46976K->981K(47360K)] 64886K->18891K(75136K), 0.0047190 secs] [Times: user=0.00 sys=0.00, real=0.00 secs] 
2012-01-25T14:43:25.215+0000: 246672.740: [GC [PSYoungGen: 25585K->944K(47424K)] 43495K->18854K(75200K), 0.0041520 secs] [Times: user=0.01 sys=0.00, real=0.01 secs] 
2012-01-25T14:43:25.219+0000: 246672.744: [Full GC (System) [PSYoungGen: 944K->0K(47424K)] [ParOldGen: 17909K->17904K(27776K)] 18854K->17904K(75200K) [PSPermGen: 44613K->44578K(44928K)], 0.2895040 secs] [Times: user=0.30 sys=0.00, real=0.29 secs] 
2012-01-25T14:56:21.666+0000: 247449.192: [GC [PSYoungGen: 46080K->424K(47488K)] 63984K->18328K(75264K), 0.0032860 secs] [Times: user=0.01 sys=0.00, real=0.01 secs] 
2012-01-25T15:07:40.015+0000: 248127.540: [GC [PSYoungGen: 46568K->787K(47488K)] 64472K->18692K(75264K), 0.0052050 secs] [Times: user=0.01 sys=0.00, real=0.01 secs] 
2012-01-25T15:20:36.747+0000: 248904.272: [GC [PSYoungGen: 46931K->948K(47488K)] 64836K->18852K(75264K), 0.0053290 secs] [Times: user=0.01 sys=0.00, real=0.01 secs] 
2012-01-25T15:32:44.224+0000: 249631.750: [GC [PSYoungGen: 47156K->1020K(47488K)] 65060K->18925K(75264K), 0.0049530 secs] [Times: user=0.00 sys=0.00, real=0.01 secs] 
2012-01-25T15:43:25.509+0000: 250273.035: [GC [PSYoungGen: 40139K->1040K(47552K)] 58044K->18945K(75328K), 0.0053710 secs] [Times: user=0.00 sys=0.00, real=0.00 secs] 
2012-01-25T15:43:25.515+0000: 250273.040: [Full GC (System) [PSYoungGen: 1040K->0K(47552K)] [ParOldGen: 17904K->17936K(27776K)] 18945K->17936K(75328K) [PSPermGen: 44620K->44579K(44928K)], 0.2969520 secs] [Times: user=0.31 sys=0.00, real=0.30 secs] 
2012-01-25T15:55:58.516+0000: 251026.041: [GC [PSYoungGen: 46208K->456K(47616K)] 64144K->18392K(75392K), 0.0033620 secs] [Times: user=0.01 sys=0.00, real=0.01 secs] 
2012-01-25T16:10:00.522+0000: 251868.047: [GC [PSYoungGen: 46658K->840K(47552K)] 64595K->18776K(75328K), 0.0040510 secs] [Times: user=0.01 sys=0.00, real=0.00 secs] 
2012-01-25T16:23:14.871+0000: 252662.396: [GC [PSYoungGen: 47112K->904K(47616K)] 65048K->18840K(75392K), 0.0046900 secs] [Times: user=0.00 sys=0.00, real=0.00 secs] 
2012-01-25T16:36:22.714+0000: 253450.239: [GC [PSYoungGen: 47176K->960K(47680K)] 65112K->18896K(75456K), 0.0046160 secs] [Times: user=0.01 sys=0.00, real=0.01 secs] 
2012-01-25T16:43:25.813+0000: 253873.339: [GC [PSYoungGen: 22914K->960K(47680K)] 40850K->18896K(75456K), 0.0042770 secs] [Times: user=0.01 sys=0.00, real=0.01 secs] 
2012-01-25T16:43:25.817+0000: 253873.343: [Full GC (System) [PSYoungGen: 960K->0K(47680K)] [ParOldGen: 17936K->17971K(27776K)] 18896K->17971K(75456K) [PSPermGen: 44615K->44579K(44928K)], 0.2857550 secs] [Times: user=0.29 sys=0.00, real=0.28 secs] 
2012-01-25T16:55:34.289+0000: 254601.814: [GC [PSYoungGen: 46336K->491K(47680K)] 64307K->18462K(75456K), 0.0033230 secs] [Times: user=0.00 sys=0.00, real=0.00 secs] 
2012-01-25T17:10:00.413+0000: 255467.938: [GC [PSYoungGen: 46821K->640K(47680K)] 64792K->18611K(75456K), 0.0034880 secs] [Times: user=0.00 sys=0.00, real=0.00 secs] 
2012-01-25T17:22:51.036+0000: 256238.562: [GC [PSYoungGen: 46976K->888K(47744K)] 64947K->18859K(75520K), 0.0047440 secs]