2012-02-12T11:24:07.027+0000: 2.080: [GC [PSYoungGen: 26880K->3271K(31360K)] 26880K->3271K(72320K), 0.0264260 secs] [Times: user=0.02 sys=0.00, real=0.02 secs] 
2012-02-12T11:24:08.868+0000: 3.921: [GC [PSYoungGen: 30151K->4290K(31360K)] 30151K->4290K(72320K), 0.0309590 secs] [Times: user=0.03 sys=0.00, real=0.03 secs] 
2012-02-12T11:24:10.932+0000: 5.986: [GC [PSYoungGen: 31170K->4474K(31360K)] 31170K->5568K(72320K), 0.0374820 secs] [Times: user=0.04 sys=0.00, real=0.04 secs] 
2012-02-12T11:24:48.128+0000: 43.181: [GC [PSYoungGen: 31354K->4477K(31360K)] 32448K->6539K(72320K), 0.0220060 secs] [Times: user=0.02 sys=0.01, real=0.02 secs] 
2012-02-12T11:24:49.367+0000: 44.420: [GC [PSYoungGen: 31357K->4465K(31360K)] 33419K->8060K(72320K), 0.0234610 secs] [Times: user=0.01 sys=0.01, real=0.03 secs] 
2012-02-12T11:24:51.332+0000: 46.386: [GC [PSYoungGen: 31345K->4473K(24704K)] 34940K->10379K(65664K), 0.0538470 secs] [Times: user=0.06 sys=0.00, real=0.05 secs] 
2012-02-12T11:24:52.317+0000: 47.371: [GC [PSYoungGen: 24697K->3536K(28032K)] 30603K->11777K(68992K), 0.0268990 secs] [Times: user=0.02 sys=0.00, real=0.02 secs] 
2012-02-12T11:24:53.065+0000: 48.118: [GC [PSYoungGen: 23760K->3400K(28032K)] 32001K->12717K(68992K), 0.0190980 secs] [Times: user=0.02 sys=0.00, real=0.02 secs] 
2012-02-12T11:25:37.170+0000: 92.224: [GC [PSYoungGen: 23624K->3592K(28032K)] 32941K->13955K(68992K), 0.0223710 secs] [Times: user=0.03 sys=0.00, real=0.02 secs] 
2012-02-12T11:25:41.473+0000: 96.527: [GC [PSYoungGen: 23816K->2924K(28160K)] 34179K->15620K(69120K), 0.0236320 secs] [Times: user=0.02 sys=0.00, real=0.02 secs] 
2012-02-12T11:26:16.311+0000: 131.365: [GC [PSYoungGen: 23404K->1032K(21568K)] 36100K->16264K(62528K), 0.0153150 secs] [Times: user=0.01 sys=0.00, real=0.01 secs] 
2012-02-12T11:29:47.769+0000: 342.823: [GC [PSYoungGen: 21512K->2062K(27904K)] 36744K->18286K(68864K), 0.0107380 secs] [Times: user=0.01 sys=0.00, real=0.01 secs] 
2012-02-12T11:29:50.292+0000: 345.345: [GC [PSYoungGen: 22030K->969K(20992K)] 38254K->19168K(61952K), 0.0178140 secs] [Times: user=0.02 sys=0.00, real=0.02 secs] 
2012-02-12T12:00:01.791+0000: 2156.844: [GC [PSYoungGen: 20937K->1456K(27904K)] 39136K->20465K(68864K), 0.0094470 secs] [Times: user=0.01 sys=0.00, real=0.01 secs] 
2012-02-12T12:47:34.156+0000: 5009.209: [GC [PSYoungGen: 21360K->984K(27840K)] 40369K->20853K(68800K), 0.0068800 secs] [Times: user=0.00 sys=0.00, real=0.01 secs] 
2012-02-12T13:03:33.043+0000: 5968.097: [GC [PSYoungGen: 20888K->897K(27968K)] 40757K->21204K(68928K), 0.0067650 secs] [Times: user=0.00 sys=0.00, real=0.01 secs] 
2012-02-12T13:11:37.250+0000: 6452.304: [GC [PSYoungGen: 20929K->544K(27904K)] 41236K->21315K(68864K), 0.0045860 secs] [Times: user=0.00 sys=0.01, real=0.00 secs] 
2012-02-12T13:27:43.383+0000: 7418.436: [GC [PSYoungGen: 20567K->556K(28224K)] 41339K->21844K(69184K), 0.0051290 secs] [Times: user=0.00 sys=0.01, real=0.01 secs] 
2012-02-12T13:55:14.198+0000: 9069.251: [GC [PSYoungGen: 21036K->600K(28096K)] 42324K->22064K(69056K), 0.0043210 secs] [Times: user=0.01 sys=0.00, real=0.00 secs] 
2012-02-12T14:50:00.422+0000: 12355.475: [GC [PSYoungGen: 21080K->624K(28608K)] 42544K->22148K(69568K), 0.0038010 secs] [Times: user=0.00 sys=0.00, real=0.00 secs] 
2012-02-12T15:30:00.437+0000: 14755.491: [GC [PSYoungGen: 21808K->928K(28416K)] 43332K->22530K(69376K), 0.0049630 secs] [Times: user=0.00 sys=0.00, real=0.00 secs] 
2012-02-12T16:10:00.492+0000: 17155.545: [GC [PSYoungGen: 22112K->768K(29184K)] 43714K->22698K(70144K), 0.0119610 secs] [Times: user=0.01 sys=0.00, real=0.01 secs] 
2012-02-12T16:50:00.444+0000: 19555.498: [GC [PSYoungGen: 23019K->817K(28928K)] 44950K->23096K(69888K), 0.0059980 secs] [Times: user=0.01 sys=0.00, real=0.01 secs] 
2012-02-12T17:40:02.020+0000: 22557.073: [GC [PSYoungGen: 23089K->865K(29760K)] 45368K->23253K(70720K), 0.0049080 secs] [Times: user=0.01 sys=0.00, real=0.00 secs] 
2012-02-12T18:33:20.637+0000: 25755.690: [GC [PSYoungGen: 24289K->888K(29504K)] 46677K->23417K(70464K), 0.0053090 secs] [Times: user=0.00 sys=0.00, real=0.01 secs] 
2012-02-12T19:30:00.472+0000: 29155.525: [GC [PSYoungGen: 24293K->1096K(30400K)] 46822K->23685K(71360K), 0.0054910 secs] [Times: user=0.00 sys=0.00, real=0.01 secs] 
2012-02-12T20:30:00.460+0000: 32755.514: [GC [PSYoungGen: 25736K->1088K(30080K)] 48325K->23729K(71040K), 0.0056370 secs] [Times: user=0.01 sys=0.00, real=0.00 secs] 
2012-02-12T21:30:00.408+0000: 36355.462: [GC [PSYoungGen: 25728K->760K(30976K)] 48369K->23753K(71936K), 0.0054560 secs] [Times: user=0.00 sys=0.00, real=0.00 secs] 
2012-02-12T22:30:48.776+0000: 40003.829: [GC [PSYoungGen: 26616K->896K(30720K)] 49609K->23953K(71680K), 0.0048620 secs] [Times: user=0.01 sys=0.00, real=0.01 secs] 
2012-02-12T23:35:46.372+0000: 43901.425: [GC [PSYoungGen: 26752K->912K(31424K)] 49809K->24029K(72384K), 0.0050710 secs] [Times: user=0.00 sys=0.00, real=0.00 secs] 
2012-02-13T00:30:05.392+0000: 47160.445: [GC [PSYoungGen: 27664K->1170K(31168K)] 50781K->24371K(72128K), 0.0052290 secs] [Times: user=0.00 sys=0.00, real=0.00 secs] 
2012-02-13T01:45:06.840+0000: 51661.893: [GC [PSYoungGen: 27922K->840K(31936K)] 51123K->24343K(72896K), 0.0050140 secs] [Times: user=0.01 sys=0.00, real=0.00 secs] 
2012-02-13T02:40:01.619+0000: 54956.672: [GC [PSYoungGen: 28680K->728K(31744K)] 52183K->24239K(72704K), 0.0040660 secs] [Times: user=0.01 sys=0.00, real=0.00 secs] 
2012-02-13T03:50:00.424+0000: 59155.478: [GC [PSYoungGen: 28568K->952K(32256K)] 52079K->24475K(73216K), 0.0048980 secs] [Times: user=0.00 sys=0.00, real=0.01 secs] 
2012-02-13T04:50:01.330+0000: 62756.384: [GC [PSYoungGen: 29432K->944K(32064K)] 52955K->24491K(73024K), 0.0080270 secs] [Times: user=0.01 sys=0.00, real=0.01 secs] 
2012-02-13T06:10:00.386+0000: 67555.439: [GC [PSYoungGen: 29424K->888K(32640K)] 52971K->24475K(73600K), 0.0042950 secs] [Times: user=0.01 sys=0.00, real=0.01 secs] 
2012-02-13T07:09:47.334+0000: 71142.387: [GC [PSYoungGen: 30130K->584K(32448K)] 53718K->24459K(73408K), 0.0049880 secs] [Times: user=0.01 sys=0.01, real=0.01 secs] 
2012-02-13T07:58:42.318+0000: 74077.372: [GC [PSYoungGen: 29832K->737K(32896K)] 53707K->24917K(73856K), 0.0056640 secs] [Times: user=0.01 sys=0.00, real=0.00 secs] 
2012-02-13T08:10:00.418+0000: 74755.471: [GC [PSYoungGen: 30529K->712K(32768K)] 54709K->25199K(73728K), 0.0057540 secs] [Times: user=0.01 sys=0.00, real=0.00 secs] 
2012-02-13T08:22:21.029+0000: 75496.083: [GC [PSYoungGen: 30536K->448K(33088K)] 55023K->25571K(74048K), 0.0061960 secs] [Times: user=0.00 sys=0.01, real=0.00 secs] 
2012-02-13T08:34:25.303+0000: 76220.357: [GC [PSYoungGen: 30720K->304K(33024K)] 55843K->25817K(73984K), 0.0048320 secs] [Times: user=0.00 sys=0.00, real=0.01 secs] 
2012-02-13T08:49:30.518+0000: 77125.571: [GC [PSYoungGen: 30576K->328K(33216K)] 56089K->26101K(74176K), 0.0041370 secs] [Times: user=0.00 sys=0.01, real=0.00 secs] 
2012-02-13T09:02:34.960+0000: 77910.013: [GC [PSYoungGen: 30856K->576K(33152K)] 56629K->26353K(74112K), 0.0041430 secs] [Times: user=0.01 sys=0.00, real=0.00 secs] 
2012-02-13T09:15:11.156+0000: 78666.209: [GC [PSYoungGen: 31104K->288K(33472K)] 56881K->26357K(74432K), 0.0040450 secs] [Times: user=0.00 sys=0.00, real=0.01 secs] 
2012-02-13T09:30:00.374+0000: 79555.428: [GC [PSYoungGen: 31264K->600K(33344K)] 57333K->26678K(74304K), 0.0040370 secs] [Times: user=0.00 sys=0.00, real=0.01 secs] 
2012-02-13T09:43:20.789+0000: 80355.842: [GC [PSYoungGen: 31575K->320K(33664K)] 57653K->26657K(74624K), 0.0042250 secs] [Times: user=0.00 sys=0.00, real=0.00 secs] 
2012-02-13T09:56:25.163+0000: 81140.216: [GC [PSYoungGen: 31744K->296K(33600K)] 58081K->26921K(74560K), 0.0046160 secs] [Times: user=0.01 sys=0.00, real=0.01 secs] 
2012-02-13T10:10:00.487+0000: 81955.541: [GC [PSYoungGen: 31711K->752K(33856K)] 58337K->27394K(74816K), 0.0044470 secs] [Times: user=0.00 sys=0.00, real=0.00 secs] 
2012-02-13T10:25:35.010+0000: 82890.064: [GC [PSYoungGen: 32496K->320K(33728K)] 59138K->27217K(74688K), 0.0041860 secs] [Times: user=0.00 sys=0.00, real=0.00 secs] 
2012-02-13T10:38:39.536+0000: 83674.590: [GC [PSYoungGen: 32064K->296K(33984K)] 58961K->27478K(74944K), 0.0042030 secs] [Times: user=0.01 sys=0.00, real=0.01 secs] 
2012-02-13T10:52:08.792+0000: 84483.845: [GC [PSYoungGen: 32360K->560K(33920K)] 59542K->27749K(74880K), 0.0039220 secs] [Times: user=0.00 sys=0.00, real=0.00 secs] 
2012-02-13T11:02:38.445+0000: 85113.499: [GC [PSYoungGen: 32624K->453K(34176K)] 59813K->27899K(75136K), 0.0044660 secs] [Times: user=0.01 sys=0.00, real=0.01 secs] 
2012-02-13T11:15:53.745+0000: 85908.798: [GC [PSYoungGen: 32901K->296K(34112K)] 60347K->28049K(75072K), 0.0041030 secs] [Times: user=0.00 sys=0.00, real=0.01 secs] 
2012-02-13T11:30:00.532+0000: 86755.585: [GC [PSYoungGen: 32744K->600K(34304K)] 60497K->28361K(75264K), 0.0041160 secs] [Times: user=0.00 sys=0.00, real=0.00 secs] 
2012-02-13T11:46:03.833+0000: 87718.886: [GC [PSYoungGen: 33304K->336K(34240K)] 61065K->28353K(75200K), 0.0042350 secs] [Times: user=0.00 sys=0.00, real=0.01 secs] 
2012-02-13T12:00:00.904+0000: 88555.957: [GC [PSYoungGen: 33040K->552K(34432K)] 61057K->28577K(75392K), 0.0037170 secs] [Times: user=0.00 sys=0.00, real=0.01 secs] 
2012-02-13T12:13:42.112+0000: 89377.165: [GC [PSYoungGen: 33512K->352K(34368K)] 61537K->28605K(75328K), 0.0040240 secs] [Times: user=0.01 sys=0.00, real=0.00 secs] 
2012-02-13T12:29:48.994+0000: 90344.047: [GC [PSYoungGen: 33312K->328K(34560K)] 61565K->28905K(75520K), 0.0044690 secs] [Times: user=0.00 sys=0.00, real=0.01 secs] 
2012-02-13T12:42:54.642+0000: 91129.696: [GC [PSYoungGen: 33544K->584K(34496K)] 62121K->29445K(75456K), 0.0051840 secs] [Times: user=0.00 sys=0.00, real=0.01 secs] 
2012-02-13T12:57:00.586+0000: 91975.640: [GC [PSYoungGen: 33800K->312K(34624K)] 62661K->29477K(75584K), 0.0045880 secs] [Times: user=0.01 sys=0.00, real=0.01 secs] 
2012-02-13T13:11:06.707+0000: 92821.760: [GC [PSYoungGen: 33720K->576K(34624K)] 62885K->29769K(75584K), 0.0044460 secs] [Times: user=0.00 sys=0.00, real=0.01 secs] 
2012-02-13T13:28:13.981+0000: 93849.034: [GC [PSYoungGen: 33984K->328K(34688K)] 63177K->29777K(75648K), 0.0044590 secs] [Times: user=0.00 sys=0.00, real=0.00 secs] 
2012-02-13T13:41:19.861+0000: 94634.915: [GC [PSYoungGen: 33864K->552K(34688K)] 63313K->30009K(75648K), 0.0037700 secs] [Times: user=0.00 sys=0.00, real=0.00 secs] 
2012-02-13T13:52:24.807+0000: 95299.860: [GC [PSYoungGen: 34084K->296K(34752K)] 63541K->30037K(75712K), 0.0048770 secs] [Times: user=0.01 sys=0.00, real=0.01 secs] 
2012-02-13T14:08:31.762+0000: 96266.815: [GC [PSYoungGen: 33960K->376K(34752K)] 63701K->30386K(75712K), 0.0046000 secs] [Times: user=0.00 sys=0.01, real=0.00 secs] 
2012-02-13T14:22:37.624+0000: 97112.678: [GC [PSYoungGen: 34040K->560K(34816K)] 64050K->30898K(75776K), 0.0054850 secs] [Times: user=0.01 sys=0.00, real=0.01 secs] 
2012-02-13T14:36:43.603+0000: 97958.656: [GC [PSYoungGen: 34352K->304K(34816K)] 64690K->30926K(75776K), 0.0040780 secs] [Times: user=0.01 sys=0.00, real=0.00 secs] 
2012-02-13T14:50:00.416+0000: 98755.469: [GC [PSYoungGen: 34096K->624K(34752K)] 64718K->31258K(75712K), 0.0042660 secs] [Times: user=0.01 sys=0.00, real=0.01 secs] 
2012-02-13T15:04:55.730+0000: 99650.783: [GC [PSYoungGen: 34416K->352K(34816K)] 65050K->31274K(75776K), 0.0045110 secs] [Times: user=0.00 sys=0.01, real=0.00 secs] 
2012-02-13T15:21:11.824+0000: 100626.877: [GC [PSYoungGen: 34144K->576K(34880K)] 65066K->31794K(75840K), 0.0053520 secs] [Times: user=0.00 sys=0.00, real=0.01 secs] 
2012-02-13T15:30:00.422+0000: 101155.476: [GC [PSYoungGen: 34466K->908K(34880K)] 65684K->32414K(75840K), 0.0067740 secs] [Times: user=0.01 sys=0.00, real=0.01 secs] 
2012-02-13T15:41:20.341+0000: 101835.395: [GC [PSYoungGen: 34828K->360K(34624K)] 66334K->32582K(75584K), 0.0061030 secs] [Times: user=0.01 sys=0.00, real=0.01 secs] 
2012-02-13T15:55:25.562+0000: 102680.615: [GC [PSYoungGen: 34024K->296K(34752K)] 66246K->32822K(75712K), 0.0047210 secs] [Times: user=0.00 sys=0.00, real=0.00 secs] 
2012-02-13T16:10:00.546+0000: 103555.599: [GC [PSYoungGen: 33954K->744K(34688K)] 66481K->33286K(75648K), 0.0044110 secs] [Times: user=0.00 sys=0.00, real=0.01 secs] 
2012-02-13T16:23:37.216+0000: 104372.270: [GC [PSYoungGen: 34408K->336K(34752K)] 66950K->33414K(75712K), 0.0053250 secs] [Times: user=0.01 sys=0.00, real=0.01 secs] 
2012-02-13T16:37:43.054+0000: 105218.108: [GC [PSYoungGen: 34000K->288K(34816K)] 67078K->33650K(75776K), 0.0041450 secs] [Times: user=0.00 sys=0.00, real=0.01 secs] 
2012-02-13T16:50:48.488+0000: 106003.541: [GC [PSYoungGen: 34016K->568K(34752K)] 67378K->33938K(75712K), 0.0041230 secs] [Times: user=0.00 sys=0.00, real=0.00 secs] 
2012-02-13T17:06:55.238+0000: 106970.291: [GC [PSYoungGen: 34296K->328K(34816K)] 67666K->33954K(75776K), 0.0041820 secs] [Times: user=0.01 sys=0.00, real=0.00 secs] 
2012-02-13T17:20:00.784+0000: 107755.837: [GC [PSYoungGen: 34120K->608K(34816K)] 67746K->34242K(75776K), 0.0054540 secs] [Times: user=0.00 sys=0.00, real=0.01 secs] 
2012-02-13T17:33:06.310+0000: 108541.363: [GC [PSYoungGen: 34400K->296K(34880K)] 68034K->34222K(75840K), 0.0043910 secs] [Times: user=0.01 sys=0.00, real=0.00 secs] 
2012-02-13T17:49:13.055+0000: 109508.108: [GC [PSYoungGen: 34152K->328K(34816K)] 68078K->34510K(75776K), 0.0042210 secs] [Times: user=0.01 sys=0.00, real=0.01 secs] 
2012-02-13T18:02:18.476+0000: 110293.530: [GC [PSYoungGen: 34184K->568K(34880K)] 68366K->34758K(75840K), 0.0043420 secs] [Times: user=0.01 sys=0.00, real=0.01 secs] 
2012-02-13T18:16:24.536+0000: 111139.590: [GC [PSYoungGen: 34488K->296K(34880K)] 68678K->34778K(75840K), 0.0041040 secs] [Times: user=0.01 sys=0.00, real=0.01 secs] 
2012-02-13T18:31:30.720+0000: 112045.773: [GC [PSYoungGen: 34216K->560K(34880K)] 68698K->35046K(75840K), 0.0040110 secs] [Times: user=0.00 sys=0.00, real=0.00 secs] 
2012-02-13T18:48:37.741+0000: 113072.794: [GC [PSYoungGen: 34480K->336K(34880K)] 68966K->35074K(75840K), 0.0045070 secs] [Times: user=0.00 sys=0.00, real=0.00 secs] 
2012-02-13T19:02:43.562+0000: 113918.616: [GC [PSYoungGen: 34256K->568K(34944K)] 68994K->35310K(75904K), 0.0043160 secs] [Times: user=0.01 sys=0.00, real=0.00 secs] 
2012-02-13T19:17:49.996+0000: 114825.050: [GC [PSYoungGen: 34616K->296K(34944K)] 69358K->35334K(75904K), 0.0047480 secs] [Times: user=0.01 sys=0.00, real=0.01 secs] 
2012-02-13T19:32:56.596+0000: 115731.649: [GC [PSYoungGen: 34344K->576K(34944K)] 69382K->35618K(75904K), 0.0039700 secs] [Times: user=0.01 sys=0.00, real=0.01 secs] 
2012-02-13T19:50:04.144+0000: 116759.198: [GC [PSYoungGen: 34624K->368K(34944K)] 69666K->35662K(75904K), 0.0064750 secs] [Times: user=0.01 sys=0.00, real=0.01 secs] 
2012-02-13T19:59:08.264+0000: 117303.318: [GC [PSYoungGen: 34416K->609K(34944K)] 69710K->36187K(75904K), 0.0049720 secs] [Times: user=0.00 sys=0.00, real=0.01 secs] 
2012-02-13T20:14:14.903+0000: 118209.956: [GC [PSYoungGen: 34657K->560K(34944K)] 70235K->36265K(75904K), 0.0047080 secs] [Times: user=0.01 sys=0.00, real=0.01 secs] 
2012-02-13T20:30:01.576+0000: 119156.629: [GC [PSYoungGen: 34608K->752K(34816K)] 70313K->36745K(75776K), 0.0052520 secs] [Times: user=0.00 sys=0.00, real=0.01 secs] 
2012-02-13T20:39:25.521+0000: 119720.574: [GC [PSYoungGen: 34672K->72K(34880K)] 70665K->36597K(75840K), 0.0048010 secs] [Times: user=0.01 sys=0.01, real=0.00 secs] 
2012-02-13T20:53:22.608+0000: 120557.661: [GC [PSYoungGen: 33992K->560K(34880K)] 70517K->37101K(75840K), 0.0042600 secs] [Times: user=0.00 sys=0.00, real=0.00 secs] 
2012-02-13T21:06:36.896+0000: 121351.950: [GC [PSYoungGen: 34480K->352K(34880K)] 71021K->37153K(75840K), 0.0058120 secs] [Times: user=0.01 sys=0.00, real=0.01 secs] 
2012-02-13T21:21:43.158+0000: 122258.212: [GC [PSYoungGen: 34272K->560K(34880K)] 71073K->37385K(75840K), 0.0040550 secs] [Times: user=0.01 sys=0.00, real=0.00 secs] 
2012-02-13T21:35:49.059+0000: 123104.112: [GC [PSYoungGen: 34480K->296K(34880K)] 71305K->37405K(75840K), 0.0043640 secs] [Times: user=0.01 sys=0.01, real=0.00 secs] 
2012-02-13T21:50:55.280+0000: 124010.333: [GC [PSYoungGen: 34216K->560K(34944K)] 71325K->37673K(75904K), 0.0040030 secs] [Times: user=0.01 sys=0.00, real=0.00 secs] 
2012-02-13T22:08:02.484+0000: 125037.538: [GC [PSYoungGen: 34608K->320K(34944K)] 71721K->37685K(75904K), 0.0044340 secs] [Times: user=0.00 sys=0.00, real=0.01 secs] 
2012-02-13T22:21:08.071+0000: 125823.124: [GC [PSYoungGen: 34368K->560K(34944K)] 71733K->38209K(75904K), 0.0057280 secs] [Times: user=0.00 sys=0.00, real=0.00 secs] 
2012-02-13T22:36:14.155+0000: 126729.208: [GC [PSYoungGen: 34608K->296K(34944K)] 72257K->38229K(75904K), 0.0043160 secs] [Times: user=0.00 sys=0.00, real=0.01 secs] 
2012-02-13T22:50:19.943+0000: 127574.996: [GC [PSYoungGen: 34344K->568K(34944K)] 72277K->38505K(75904K), 0.0049820 secs] [Times: user=0.00 sys=0.00, real=0.01 secs] 
2012-02-13T23:07:27.081+0000: 128602.135: [GC [PSYoungGen: 34616K->336K(34944K)] 72553K->38525K(75904K), 0.0043550 secs] [Times: user=0.00 sys=0.00, real=0.00 secs] 
2012-02-13T23:22:33.402+0000: 129508.455: [GC [PSYoungGen: 34384K->560K(34944K)] 72573K->39033K(75904K), 0.0051380 secs] [Times: user=0.00 sys=0.00, real=0.00 secs] 
2012-02-13T23:36:39.374+0000: 130354.428: [GC [PSYoungGen: 34608K->296K(34944K)] 73081K->39053K(75904K), 0.0042860 secs] [Times: user=0.00 sys=0.01, real=0.01 secs] 
2012-02-13T23:51:45.682+0000: 131260.735: [GC [PSYoungGen: 34344K->552K(34944K)] 73101K->39313K(75904K), 0.0040860 secs] [Times: user=0.01 sys=0.00, real=0.00 secs] 
2012-02-14T00:07:52.527+0000: 132227.581: [GC [PSYoungGen: 34600K->595K(34944K)] 73361K->39609K(75904K), 0.0047480 secs] [Times: user=0.01 sys=0.00, real=0.00 secs] 
2012-02-14T00:21:58.522+0000: 133073.575: [GC [PSYoungGen: 34643K->560K(34944K)] 73657K->40119K(75904K), 0.0056680 secs] [Times: user=0.00 sys=0.01, real=0.01 secs] 
2012-02-14T00:37:04.842+0000: 133979.895: [GC [PSYoungGen: 34608K->296K(34944K)] 74167K->40139K(75904K), 0.0041910 secs] [Times: user=0.00 sys=0.00, real=0.00 secs] 
2012-02-14T00:51:10.711+0000: 134825.764: [GC [PSYoungGen: 34344K->560K(34944K)] 74187K->40411K(75904K), 0.0041080 secs] [Times: user=0.00 sys=0.00, real=0.00 secs] 
2012-02-14T01:08:17.952+0000: 135853.006: [GC [PSYoungGen: 34608K->328K(34944K)] 74459K->40431K(75904K), 0.0042390 secs] [Times: user=0.01 sys=0.00, real=0.00 secs] 
2012-02-14T01:22:23.947+0000: 136699.000: [GC [PSYoungGen: 34376K->568K(35008K)] 74479K->40955K(75968K), 0.0054280 secs] [Times: user=0.00 sys=0.00, real=0.01 secs] 
2012-02-14T01:37:30.172+0000: 137605.226: [GC [PSYoungGen: 34744K->296K(35008K)] 75131K->40967K(75968K), 0.0043790 secs] [Times: user=0.01 sys=0.00, real=0.00 secs] 
2012-02-14T01:37:30.177+0000: 137605.230: [Full GC [PSYoungGen: 296K->0K(35008K)] [ParOldGen: 40671K->22563K(41984K)] 40967K->22563K(76992K) [PSPermGen: 43599K->43202K(65536K)], 0.3779410 secs] [Times: user=0.42 sys=0.00, real=0.40 secs] 
2012-02-14T01:51:36.618+0000: 138451.671: [GC [PSYoungGen: 34176K->720K(34880K)] 56739K->23283K(76864K), 0.0059460 secs] [Times: user=0.01 sys=0.00, real=0.00 secs] 
2012-02-14T02:07:43.492+0000: 139418.545: [GC [PSYoungGen: 34768K->392K(34944K)] 57331K->23659K(76928K), 0.0057680 secs] [Times: user=0.00 sys=0.00, real=0.01 secs] 
2012-02-14T02:22:49.648+0000: 140324.701: [GC [PSYoungGen: 34440K->608K(34944K)] 57707K->24227K(76928K), 0.0048010 secs] [Times: user=0.01 sys=0.00, real=0.00 secs] 
2012-02-14T02:36:55.511+0000: 141170.565: [GC [PSYoungGen: 34656K->336K(34944K)] 58275K->24291K(76928K), 0.0039110 secs] [Times: user=0.01 sys=0.00, real=0.00 secs] 
2012-02-14T02:51:01.318+0000: 142016.371: [GC [PSYoungGen: 34384K->608K(34944K)] 58339K->24619K(76928K), 0.0042520 secs] [Times: user=0.00 sys=0.00, real=0.00 secs] 
2012-02-14T03:08:08.585+0000: 143043.639: [GC [PSYoungGen: 34656K->384K(34944K)] 58667K->24699K(76928K), 0.0041300 secs] [Times: user=0.00 sys=0.00, real=0.01 secs] 
2012-02-14T03:22:14.498+0000: 143889.551: [GC [PSYoungGen: 34432K->632K(34944K)] 58747K->25291K(76928K), 0.0049730 secs] [Times: user=0.00 sys=0.00, real=0.00 secs] 
2012-02-14T03:37:20.768+0000: 144795.822: [GC [PSYoungGen: 34680K->328K(34944K)] 59339K->25339K(76928K), 0.0036640 secs] [Times: user=0.01 sys=0.00, real=0.00 secs] 
2012-02-14T03:50:00.414+0000: 145555.467: [GC [PSYoungGen: 34368K->744K(34816K)] 59379K->25815K(76800K), 0.0040730 secs] [Times: user=0.00 sys=0.00, real=0.01 secs] 
2012-02-14T04:04:32.201+0000: 146427.254: [GC [PSYoungGen: 34664K->352K(34880K)] 59735K->25795K(76864K), 0.0044870 secs] [Times: user=0.00 sys=0.00, real=0.00 secs] 
2012-02-14T04:18:38.151+0000: 147273.204: [GC [PSYoungGen: 34272K->288K(34944K)] 59715K->26051K(76928K), 0.0039060 secs] [Times: user=0.00 sys=0.00, real=0.00 secs] 
2012-02-14T04:32:43.984+0000: 148119.037: [GC [PSYoungGen: 34272K->576K(34880K)] 60035K->26347K(76864K), 0.0037970 secs] [Times: user=0.00 sys=0.00, real=0.01 secs] 
2012-02-14T04:49:51.300+0000: 149146.353: [GC [PSYoungGen: 34560K->328K(34944K)] 60331K->26353K(76928K), 0.0038270 secs] [Times: user=0.00 sys=0.00, real=0.00 secs] 
2012-02-14T05:02:56.849+0000: 149931.903: [GC [PSYoungGen: 34376K->568K(34944K)] 60401K->26601K(76928K), 0.0038590 secs] [Times: user=0.01 sys=0.00, real=0.00 secs] 
2012-02-14T05:18:03.201+0000: 150838.254: [GC [PSYoungGen: 34616K->288K(34944K)] 60649K->26613K(76928K), 0.0036400 secs] [Times: user=0.00 sys=0.00, real=0.00 secs] 
2012-02-14T05:32:09.052+0000: 151684.105: [GC [PSYoungGen: 34336K->576K(34944K)] 60661K->26905K(76928K), 0.0036950 secs] [Times: user=0.01 sys=0.00, real=0.00 secs] 
2012-02-14T05:48:15.776+0000: 152650.829: [GC [PSYoungGen: 34624K->336K(34944K)] 60953K->26917K(76928K), 0.0038590 secs] [Times: user=0.00 sys=0.00, real=0.01 secs] 
2012-02-14T06:02:21.705+0000: 153496.758: [GC [PSYoungGen: 34384K->576K(34944K)] 60965K->27161K(76928K), 0.0038490 secs] [Times: user=0.01 sys=0.00, real=0.01 secs] 
2012-02-14T06:17:28.097+0000: 154403.151: [GC [PSYoungGen: 34624K->280K(34944K)] 61209K->27157K(76928K), 0.0035970 secs] [Times: user=0.00 sys=0.00, real=0.00 secs] 
2012-02-14T06:30:33.571+0000: 155188.624: [GC [PSYoungGen: 34328K->568K(34944K)] 61205K->27449K(76928K), 0.0041130 secs] [Times: user=0.00 sys=0.00, real=0.00 secs] 
2012-02-14T06:47:40.781+0000: 156215.834: [GC [PSYoungGen: 34616K->320K(34944K)] 61497K->27453K(76928K), 0.0037320 secs] [Times: user=0.01 sys=0.00, real=0.00 secs] 
2012-02-14T07:00:47.939+0000: 157002.992: [GC [PSYoungGen: 34368K->568K(34944K)] 61501K->27705K(76928K), 0.0037690 secs] [Times: user=0.01 sys=0.00, real=0.00 secs] 
2012-02-14T07:14:54.042+0000: 157849.095: [GC [PSYoungGen: 34616K->288K(34944K)] 61753K->27729K(76928K), 0.0037440 secs] [Times: user=0.01 sys=0.00, real=0.00 secs] 
2012-02-14T07:30:00.449+0000: 158755.502: [GC [PSYoungGen: 34324K->640K(34944K)] 61765K->28093K(76928K), 0.0038080 secs] [Times: user=0.00 sys=0.00, real=0.00 secs] 
2012-02-14T07:45:06.789+0000: 159661.842: [GC [PSYoungGen: 34688K->320K(34944K)] 62141K->28029K(76928K), 0.0038140 secs] [Times: user=0.00 sys=0.00, real=0.00 secs] 
2012-02-14T07:56:11.376+0000: 160326.429: [GC [PSYoungGen: 34368K->371K(34944K)] 62077K->28364K(76928K), 0.0040010 secs] [Times: user=0.00 sys=0.00, real=0.01 secs] 
2012-02-14T08:09:17.653+0000: 161112.707: [GC [PSYoungGen: 34419K->565K(34880K)] 62412K->28870K(76864K), 0.0043480 secs] [Times: user=0.00 sys=0.00, real=0.01 secs] 
2012-02-14T08:22:23.573+0000: 161898.627: [GC [PSYoungGen: 34613K->576K(34944K)] 62918K->29398K(76928K), 0.0050270 secs] [Times: user=0.01 sys=0.01, real=0.01 secs] 
2012-02-14T08:35:29.297+0000: 162684.350: [GC [PSYoungGen: 34624K->469K(35008K)] 63446K->29575K(76992K), 0.0038550 secs] [Times: user=0.01 sys=0.00, real=0.01 secs] 
2012-02-14T08:48:35.396+0000: 163470.449: [GC [PSYoungGen: 34581K->336K(34944K)] 63687K->29879K(76928K), 0.0039980 secs] [Times: user=0.01 sys=0.00, real=0.01 secs] 
2012-02-14T09:01:41.170+0000: 164256.224: [GC [PSYoungGen: 34448K->560K(35008K)] 63991K->30391K(76992K), 0.0045990 secs] [Times: user=0.00 sys=0.00, real=0.00 secs] 
2012-02-14T09:13:56.971+0000: 164992.025: [GC [PSYoungGen: 34736K->320K(35008K)] 64567K->30435K(76992K), 0.0044590 secs] [Times: user=0.00 sys=0.00, real=0.00 secs] 
2012-02-14T09:28:08.720+0000: 165843.773: [GC [PSYoungGen: 34496K->336K(35008K)] 64611K->30727K(76992K), 0.0041390 secs] [Times: user=0.00 sys=0.00, real=0.00 secs] 
2012-02-14T09:41:14.047+0000: 166629.100: [GC [PSYoungGen: 34512K->560K(35008K)] 64903K->30955K(76992K), 0.0037530 secs] [Times: user=0.01 sys=0.00, real=0.01 secs] 
2012-02-14T09:54:19.081+0000: 167414.134: [GC [PSYoungGen: 34736K->296K(35008K)] 65131K->30975K(76992K), 0.0039960 secs] [Times: user=0.00 sys=0.00, real=0.00 secs] 
2012-02-14T10:07:24.422+0000: 168199.475: [GC [PSYoungGen: 34472K->352K(35008K)] 65151K->31283K(76992K), 0.0041860 secs] [Times: user=0.01 sys=0.00, real=0.00 secs] 
2012-02-14T10:20:29.441+0000: 168984.494: [GC [PSYoungGen: 34528K->560K(34944K)] 65459K->31791K(76928K), 0.0046090 secs] [Times: user=0.01 sys=0.00, real=0.00 secs] 
2012-02-14T10:33:34.998+0000: 169770.052: [GC [PSYoungGen: 34736K->296K(35008K)] 65967K->31811K(76992K), 0.0036740 secs] [Times: user=0.01 sys=0.00, real=0.00 secs] 
2012-02-14T10:48:41.302+0000: 170676.355: [GC [PSYoungGen: 34472K->320K(35072K)] 65987K->32095K(77056K), 0.0038430 secs] [Times: user=0.00 sys=0.00, real=0.01 secs] 
2012-02-14T11:01:46.919+0000: 171461.972: [GC [PSYoungGen: 34624K->576K(34944K)] 66399K->32355K(76928K), 0.0048720 secs] [Times: user=0.00 sys=0.00, real=0.00 secs] 
2012-02-14T11:10:51.060+0000: 172006.113: [GC [PSYoungGen: 34880K->320K(35072K)] 66659K->32383K(77056K), 0.0038720 secs] [Times: user=0.01 sys=0.00, real=0.00 secs] 
2012-02-14T11:25:57.714+0000: 172912.767: [GC [PSYoungGen: 34560K->336K(35008K)] 66623K->32675K(76992K), 0.0041750 secs] [Times: user=0.00 sys=0.00, real=0.01 secs] 
2012-02-14T11:40:01.756+0000: 173756.810: [GC [PSYoungGen: 34576K->376K(35072K)] 66915K->32719K(77056K), 0.0029850 secs] [Times: user=0.00 sys=0.00, real=0.01 secs] 
2012-02-14T11:52:09.418+0000: 174484.471: [GC [PSYoungGen: 34680K->536K(35072K)] 67023K->32907K(77056K), 0.0039370 secs] [Times: user=0.01 sys=0.00, real=0.00 secs] 
2012-02-14T12:06:17.159+0000: 175332.212: [GC [PSYoungGen: 34840K->336K(35072K)] 67211K->33195K(77056K), 0.0045430 secs] [Times: user=0.00 sys=0.00, real=0.00 secs] 
2012-02-14T12:18:22.971+0000: 176058.024: [GC [PSYoungGen: 34640K->288K(35072K)] 67499K->33435K(77056K), 0.0041300 secs] [Times: user=0.00 sys=0.00, real=0.00 secs] 
2012-02-14T12:28:12.140+0000: 176647.193: [GC [PSYoungGen: 34592K->119K(35072K)] 67739K->33531K(77056K), 0.0030800 secs] [Times: user=0.01 sys=0.00, real=0.00 secs] 
2012-02-14T13:10:00.742+0000: 179155.795: [GC [PSYoungGen: 34423K->752K(35072K)] 67835K->34547K(77056K), 0.0052320 secs] [Times: user=0.01 sys=0.00, real=0.00 secs] 
2012-02-14T14:09:02.468+0000: 182697.522: [GC [PSYoungGen: 35056K->762K(33920K)] 68851K->35364K(75904K), 0.0066020 secs] [Times: user=0.00 sys=0.00, real=0.00 secs] 
2012-02-14T14:20:00.954+0000: 183356.007: [GC [PSYoungGen: 33914K->408K(34496K)] 68516K->35154K(76480K), 0.0032840 secs] [Times: user=0.00 sys=0.00, real=0.01 secs] 
2012-02-14T14:30:00.496+0000: 183955.549: [GC [PSYoungGen: 33560K->704K(34560K)] 68306K->35534K(76544K), 0.0039580 secs] [Times: user=0.00 sys=0.00, real=0.01 secs] 
2012-02-14T14:41:18.289+0000: 184633.342: [GC [PSYoungGen: 33920K->320K(34496K)] 68750K->35602K(76480K), 0.0042780 secs] [Times: user=0.00 sys=0.00, real=0.00 secs] 
2012-02-14T14:51:23.467+0000: 185238.520: [GC [PSYoungGen: 33536K->296K(34624K)] 68818K->35862K(76608K), 0.0037130 secs] [Times: user=0.01 sys=0.00, real=0.01 secs] 
2012-02-14T15:03:29.581+0000: 185964.635: [GC [PSYoungGen: 33640K->375K(34560K)] 69206K->36193K(76544K), 0.0041110 secs] [Times: user=0.00 sys=0.00, real=0.00 secs] 
2012-02-14T15:13:35.023+0000: 186570.076: [GC [PSYoungGen: 33719K->288K(34688K)] 69537K->36390K(76672K), 0.0035500 secs] [Times: user=0.00 sys=0.00, real=0.00 secs] 
2012-02-14T15:25:40.319+0000: 187295.372: [GC [PSYoungGen: 33760K->375K(34624K)] 69862K->36729K(76608K), 0.0040620 secs] [Times: user=0.00 sys=0.00, real=0.00 secs] 
2012-02-14T15:35:45.194+0000: 187900.247: [GC [PSYoungGen: 33847K->296K(34752K)] 70201K->36934K(76736K), 0.0038220 secs] [Times: user=0.00 sys=0.00, real=0.01 secs] 
2012-02-14T15:47:51.875+0000: 188626.928: [GC [PSYoungGen: 33960K->336K(34752K)] 70598K->37226K(76736K), 0.0037180 secs] [Times: user=0.00 sys=0.00, real=0.01 secs] 
2012-02-14T15:56:56.852+0000: 189171.905: [GC [PSYoungGen: 34000K->312K(34816K)] 70890K->37486K(76800K), 0.0038510 secs] [Times: user=0.01 sys=0.00, real=0.00 secs] 
2012-02-14T16:08:03.080+0000: 189838.134: [GC [PSYoungGen: 34104K->336K(34816K)] 71278K->37778K(76800K), 0.0038210 secs] [Times: user=0.01 sys=0.00, real=0.00 secs] 
2012-02-14T16:19:09.072+0000: 190504.126: [GC [PSYoungGen: 34128K->288K(34880K)] 71570K->38014K(76864K), 0.0035730 secs] [Times: user=0.01 sys=0.00, real=0.00 secs] 
2012-02-14T16:30:00.474+0000: 191155.527: [GC [PSYoungGen: 34205K->760K(34688K)] 71932K->38494K(76672K), 0.0037080 secs] [Times: user=0.01 sys=0.00, real=0.01 secs] 
2012-02-14T16:41:21.205+0000: 191836.259: [GC [PSYoungGen: 34680K->320K(34880K)] 72414K->38306K(76864K), 0.0037930 secs] [Times: user=0.00 sys=0.00, real=0.01 secs] 
2012-02-14T16:50:00.543+0000: 192355.596: [GC [PSYoungGen: 34176K->512K(34816K)] 72162K->38786K(76800K), 0.0042020 secs] [Times: user=0.01 sys=0.00, real=0.01 secs] 
2012-02-14T17:01:32.220+0000: 193047.273: [GC [PSYoungGen: 34368K->328K(34880K)] 72642K->38869K(76864K), 0.0038970 secs] [Times: user=0.01 sys=0.00, real=0.00 secs] 
2012-02-14T17:11:37.992+0000: 193653.045: [GC [PSYoungGen: 34248K->343K(34880K)] 72789K->39177K(76864K), 0.0038340 secs] [Times: user=0.01 sys=0.00, real=0.00 secs] 
2012-02-14T17:23:44.604+0000: 194379.657: [GC [PSYoungGen: 34263K->320K(34944K)] 73097K->39405K(76928K), 0.0041620 secs] [Times: user=0.00 sys=0.00, real=0.01 secs] 
2012-02-14T17:33:50.090+0000: 194985.143: [GC [PSYoungGen: 34368K->343K(34944K)] 73453K->39717K(76928K), 0.0036130 secs] [Times: user=0.01 sys=0.00, real=0.00 secs] 
2012-02-14T17:45:56.620+0000: 195711.673: [GC [PSYoungGen: 34391K->336K(35008K)] 73765K->39961K(76992K), 0.0038530 secs] [Times: user=0.01 sys=0.00, real=0.00 secs] 
2012-02-14T17:56:02.128+0000: 196317.182: [GC [PSYoungGen: 34512K->296K(35008K)] 74137K->40205K(76992K), 0.0038670 secs] [Times: user=0.00 sys=0.00, real=0.00 secs] 
2012-02-14T18:08:08.810+0000: 197043.863: [GC [PSYoungGen: 34472K->336K(35072K)] 74381K->40497K(77056K), 0.0039170 secs] [Times: user=0.00 sys=0.00, real=0.00 secs] 
2012-02-14T18:18:14.318+0000: 197649.371: [GC [PSYoungGen: 34640K->296K(35072K)] 74801K->40742K(77056K), 0.0038790 secs] [Times: user=0.00 sys=0.00, real=0.00 secs] 
2012-02-14T18:30:00.857+0000: 198355.910: [GC [PSYoungGen: 34586K->696K(34944K)] 75032K->41150K(76928K), 0.0038250 secs] [Times: user=0.00 sys=0.00, real=0.01 secs] 
2012-02-14T18:40:26.389+0000: 198981.442: [GC [PSYoungGen: 34872K->336K(35008K)] 75326K->41042K(76992K), 0.0039090 secs] [Times: user=0.01 sys=0.00, real=0.00 secs] 
2012-02-14T18:51:32.354+0000: 199647.407: [GC [PSYoungGen: 34512K->280K(35072K)] 75218K->41274K(77056K), 0.0039530 secs] [Times: user=0.01 sys=0.00, real=0.01 secs] 
2012-02-14T19:02:38.428+0000: 200313.482: [GC [PSYoungGen: 34584K->336K(35072K)] 75578K->41582K(77056K), 0.0040980 secs] [Times: user=0.00 sys=0.00, real=0.00 secs] 
2012-02-14T19:13:44.444+0000: 200979.498: [GC [PSYoungGen: 34640K->296K(35136K)] 75886K->41826K(77120K), 0.0040420 secs] [Times: user=0.00 sys=0.00, real=0.01 secs] 
2012-02-14T19:25:51.059+0000: 201706.112: [GC [PSYoungGen: 34664K->336K(35072K)] 76194K->42118K(77056K), 0.0047810 secs] [Times: user=0.00 sys=0.01, real=0.00 secs] 
2012-02-14T19:25:51.064+0000: 201706.117: [Full GC [PSYoungGen: 336K->0K(35072K)] [ParOldGen: 41782K->23240K(41984K)] 42118K->23240K(77056K) [PSPermGen: 43366K->43271K(65536K)], 0.2942980 secs] [Times: user=0.32 sys=0.00, real=0.30 secs] 
2012-02-14T19:35:57.019+0000: 202312.073: [GC [PSYoungGen: 34368K->487K(35136K)] 57608K->23728K(77120K), 0.0034070 secs] [Times: user=0.00 sys=0.00, real=0.00 secs] 
2012-02-14T19:48:03.732+0000: 203038.785: [GC [PSYoungGen: 34919K->368K(35136K)] 58160K->24012K(77120K), 0.0041700 secs] [Times: user=0.01 sys=0.00, real=0.00 secs] 
2012-02-14T19:58:09.280+0000: 203644.333: [GC [PSYoungGen: 34800K->312K(35136K)] 58444K->24284K(77120K), 0.0038250 secs] [Times: user=0.00 sys=0.00, real=0.00 secs] 
2012-02-14T20:10:00.471+0000: 204355.524: [GC [PSYoungGen: 34740K->696K(35136K)] 58713K->24737K(77120K), 0.0035880 secs] [Times: user=0.00 sys=0.00, real=0.00 secs] 
2012-02-14T20:20:21.477+0000: 204976.530: [GC [PSYoungGen: 35128K->368K(35008K)] 59169K->25000K(76992K), 0.0048280 secs] [Times: user=0.01 sys=0.00, real=0.01 secs] 
2012-02-14T20:30:48.984+0000: 205604.037: [GC [PSYoungGen: 34672K->312K(35072K)] 59304K->25268K(77056K), 0.0034110 secs] [Times: user=0.00 sys=0.00, real=0.01 secs] 
2012-02-14T20:42:33.602+0000: 206308.656: [GC [PSYoungGen: 34616K->344K(35136K)] 59572K->25592K(77120K), 0.0038800 secs] [Times: user=0.01 sys=0.00, real=0.00 secs] 
2012-02-14T20:53:39.546+0000: 206974.599: [GC [PSYoungGen: 34712K->328K(35072K)] 59960K->25884K(77056K), 0.0036730 secs] [Times: user=0.01 sys=0.00, real=0.01 secs] 
2012-02-14T21:04:36.168+0000: 207631.221: [GC [PSYoungGen: 34696K->368K(35136K)] 60252K->26216K(77120K), 0.0038620 secs] [Times: user=0.00 sys=0.01, real=0.00 secs] 
2012-02-14T21:14:51.135+0000: 208246.188: [GC [PSYoungGen: 34800K->328K(35136K)] 60648K->26512K(77120K), 0.0038510 secs] [Times: user=0.01 sys=0.00, real=0.01 secs] 
2012-02-14T21:25:57.243+0000: 208912.296: [GC [PSYoungGen: 34760K->360K(35200K)] 60944K->26844K(77184K), 0.0039340 secs] [Times: user=0.00 sys=0.00, real=0.00 secs] 
2012-02-14T21:37:03.242+0000: 209578.295: [GC [PSYoungGen: 34920K->320K(35200K)] 61404K->27116K(77184K), 0.0038160 secs] [Times: user=0.01 sys=0.00, real=0.00 secs] 
2012-02-14T21:49:09.775+0000: 210304.828: [GC [PSYoungGen: 34880K->344K(35200K)] 61676K->27424K(77184K), 0.0037760 secs] [Times: user=0.00 sys=0.00, real=0.01 secs] 
2012-02-14T21:59:15.301+0000: 210910.354: [GC [PSYoungGen: 34904K->328K(35200K)] 61984K->27716K(77184K), 0.0035780 secs] [Times: user=0.00 sys=0.00, real=0.00 secs] 
2012-02-14T22:10:00.482+0000: 211555.535: [GC [PSYoungGen: 34858K->568K(35008K)] 62247K->28116K(76992K), 0.0037980 secs] [Times: user=0.00 sys=0.00, real=0.00 secs] 
2012-02-14T22:21:27.396+0000: 212242.449: [GC [PSYoungGen: 35000K->616K(35072K)] 62548K->28741K(77056K), 0.0049980 secs] [Times: user=0.00 sys=0.00, real=0.01 secs] 
2012-02-14T22:31:32.875+0000: 212847.928: [GC [PSYoungGen: 35048K->312K(35072K)] 63173K->29011K(77056K), 0.0038730 secs] [Times: user=0.00 sys=0.00, real=0.01 secs] 
2012-02-14T22:43:39.496+0000: 213574.549: [GC [PSYoungGen: 34616K->360K(35072K)] 63315K->29351K(77056K), 0.0043510 secs] [Times: user=0.00 sys=0.00, real=0.01 secs] 
2012-02-14T22:54:45.517+0000: 214240.570: [GC [PSYoungGen: 34664K->312K(35136K)] 63655K->29615K(77120K), 0.0035960 secs] [Times: user=0.00 sys=0.00, real=0.01 secs] 
2012-02-14T23:06:52.096+0000: 214967.150: [GC [PSYoungGen: 34744K->360K(35136K)] 64047K->29943K(77120K), 0.0038050 secs] [Times: user=0.01 sys=0.01, real=0.01 secs] 
2012-02-14T23:16:57.640+0000: 215572.693: [GC [PSYoungGen: 34792K->375K(35200K)] 64375K->30286K(77184K), 0.0038080 secs] [Times: user=0.01 sys=0.00, real=0.00 secs] 
2012-02-14T23:29:04.232+0000: 216299.285: [GC [PSYoungGen: 34871K->368K(35136K)] 64782K->30571K(77120K), 0.0037730 secs] [Times: user=0.00 sys=0.00, real=0.00 secs] 
2012-02-14T23:39:09.731+0000: 216904.784: [GC [PSYoungGen: 34864K->328K(35200K)] 65067K->30859K(77184K), 0.0037030 secs] [Times: user=0.00 sys=0.00, real=0.00 secs] 
2012-02-14T23:50:00.416+0000: 217555.469: [GC [PSYoungGen: 34888K->632K(35200K)] 65419K->31207K(77184K), 0.0036430 secs] [Times: user=0.00 sys=0.00, real=0.01 secs] 
2012-02-15T00:01:21.868+0000: 218236.921: [GC [PSYoungGen: 35192K->634K(34944K)] 65767K->31501K(76928K), 0.0042130 secs] [Times: user=0.00 sys=0.00, real=0.00 secs] 
2012-02-15T00:11:36.835+0000: 218851.889: [GC [PSYoungGen: 34938K->272K(35072K)] 65805K->31729K(77056K), 0.0036440 secs] [Times: user=0.00 sys=0.00, real=0.01 secs] 
2012-02-15T00:23:34.134+0000: 219569.187: [GC [PSYoungGen: 34576K->336K(35072K)] 66033K->32045K(77056K), 0.0036610 secs] [Times: user=0.00 sys=0.00, real=0.01 secs] 
2012-02-15T00:32:39.080+0000: 220114.133: [GC [PSYoungGen: 34640K->343K(35072K)] 66349K->32337K(77056K), 0.0037590 secs] [Times: user=0.01 sys=0.00, real=0.00 secs] 
2012-02-15T00:44:45.752+0000: 220840.805: [GC [PSYoungGen: 34647K->336K(35136K)] 66641K->32593K(77120K), 0.0037540 secs] [Times: user=0.00 sys=0.00, real=0.00 secs] 
2012-02-15T00:54:51.286+0000: 221446.340: [GC [PSYoungGen: 34768K->296K(35136K)] 67025K->32841K(77120K), 0.0036080 secs] [Times: user=0.00 sys=0.00, real=0.01 secs] 
2012-02-15T01:06:57.855+0000: 222172.909: [GC [PSYoungGen: 34728K->336K(35136K)] 67273K->33133K(77120K), 0.0038000 secs] [Times: user=0.00 sys=0.00, real=0.01 secs] 
2012-02-15T01:18:04.169+0000: 222839.222: [GC [PSYoungGen: 34768K->280K(35136K)] 67565K->33361K(77120K), 0.0035230 secs] [Times: user=0.01 sys=0.00, real=0.00 secs] 
2012-02-15T01:30:00.353+0000: 223555.407: [GC [PSYoungGen: 34712K->432K(35200K)] 67793K->33521K(77184K), 0.0033540 secs] [Times: user=0.01 sys=0.00, real=0.00 secs] 
2012-02-15T01:40:16.230+0000: 224171.283: [GC [PSYoungGen: 34992K->504K(35072K)] 68081K->33669K(77056K), 0.0038570 secs] [Times: user=0.01 sys=0.00, real=0.00 secs] 
2012-02-15T01:50:21.725+0000: 224776.779: [GC [PSYoungGen: 35064K->296K(35136K)] 68229K->33917K(77120K), 0.0043850 secs] [Times: user=0.01 sys=0.00, real=0.01 secs] 
2012-02-15T02:00:47.225+0000: 225402.278: [GC [PSYoungGen: 34728K->336K(35136K)] 68349K->34209K(77120K), 0.0037610 secs] [Times: user=0.00 sys=0.00, real=0.01 secs] 
2012-02-15T02:11:33.356+0000: 226048.410: [GC [PSYoungGen: 34768K->335K(35200K)] 68641K->34496K(77184K), 0.0035820 secs] [Times: user=0.01 sys=0.00, real=0.01 secs] 
2012-02-15T02:23:40.034+0000: 226775.087: [GC [PSYoungGen: 34895K->367K(35200K)] 69056K->34780K(77184K), 0.0037300 secs] [Times: user=0.01 sys=0.00, real=0.01 secs] 
2012-02-15T02:33:45.606+0000: 227380.659: [GC [PSYoungGen: 34927K->288K(35264K)] 69340K->34985K(77248K), 0.0038940 secs] [Times: user=0.01 sys=0.00, real=0.01 secs] 
2012-02-15T02:44:51.826+0000: 228046.879: [GC [PSYoungGen: 34912K->352K(35200K)] 69609K->35305K(77184K), 0.0042040 secs] [Times: user=0.01 sys=0.00, real=0.01 secs] 
2012-02-15T02:55:57.773+0000: 228712.826: [GC [PSYoungGen: 34975K->280K(35264K)] 69928K->35533K(77248K), 0.0036020 secs] [Times: user=0.01 sys=0.00, real=0.00 secs] 
2012-02-15T03:08:04.432+0000: 229439.485: [GC [PSYoungGen: 34968K->336K(35264K)] 70221K->35841K(77248K), 0.0038990 secs] [Times: user=0.01 sys=0.00, real=0.00 secs] 
2012-02-15T03:18:10.027+0000: 230045.080: [GC [PSYoungGen: 35024K->280K(35264K)] 70529K->36073K(77248K), 0.0039590 secs] [Times: user=0.01 sys=0.00, real=0.00 secs] 
2012-02-15T03:30:00.599+0000: 230755.653: [GC [PSYoungGen: 34968K->568K(35264K)] 70761K->36381K(77248K), 0.0039040 secs] [Times: user=0.01 sys=0.00, real=0.00 secs] 
2012-02-15T03:40:22.173+0000: 231377.227: [GC [PSYoungGen: 35256K->328K(35136K)] 71069K->36673K(77120K), 0.0047200 secs] [Times: user=0.00 sys=0.00, real=0.01 secs] 
2012-02-15T03:51:28.121+0000: 232043.174: [GC [PSYoungGen: 34888K->343K(35200K)] 71233K->36977K(77184K), 0.0037040 secs] [Times: user=0.00 sys=0.00, real=0.00 secs] 
2012-02-15T04:03:34.703+0000: 232769.756: [GC [PSYoungGen: 34903K->383K(35264K)] 71537K->37269K(77248K), 0.0040840 secs] [Times: user=0.01 sys=0.00, real=0.00 secs] 
2012-02-15T04:14:40.791+0000: 233435.844: [GC [PSYoungGen: 35071K->280K(35264K)] 71957K->37449K(77248K), 0.0035290 secs] [Times: user=0.01 sys=0.00, real=0.00 secs] 
2012-02-15T04:24:46.381+0000: 234041.434: [GC [PSYoungGen: 34968K->344K(35264K)] 72137K->37765K(77248K), 0.0039280 secs] [Times: user=0.00 sys=0.00, real=0.00 secs] 
2012-02-15T04:35:52.430+0000: 234707.483: [GC [PSYoungGen: 35032K->280K(35264K)] 72453K->38003K(77248K), 0.0035780 secs] [Times: user=0.01 sys=0.00, real=0.00 secs] 
2012-02-15T04:47:59.042+0000: 235434.095: [GC [PSYoungGen: 34968K->320K(35264K)] 72691K->38299K(77248K), 0.0038800 secs] [Times: user=0.00 sys=0.00, real=0.00 secs] 
2012-02-15T04:58:04.557+0000: 236039.610: [GC [PSYoungGen: 35008K->296K(35264K)] 72987K->38563K(77248K), 0.0035570 secs] [Times: user=0.01 sys=0.00, real=0.01 secs] 
2012-02-15T05:09:10.665+0000: 236705.718: [GC [PSYoungGen: 34984K->392K(35328K)] 73251K->38911K(77312K), 0.0039970 secs] [Times: user=0.01 sys=0.00, real=0.01 secs] 
2012-02-15T05:18:03.267+0000: 237238.320: [GC [PSYoungGen: 35154K->352K(35328K)] 73673K->39207K(77312K), 0.0046790 secs] [Times: user=0.00 sys=0.01, real=0.01 secs] 
2012-02-15T05:28:21.270+0000: 237856.323: [GC [PSYoungGen: 35168K->400K(35328K)] 74023K->39531K(77312K), 0.0048070 secs] [Times: user=0.01 sys=0.00, real=0.00 secs] 
2012-02-15T05:39:27.221+0000: 238522.275: [GC [PSYoungGen: 35208K->280K(35328K)] 74339K->39767K(77312K), 0.0039780 secs] [Times: user=0.01 sys=0.00, real=0.00 secs] 
2012-02-15T05:50:00.416+0000: 239155.469: [GC [PSYoungGen: 35085K->496K(35072K)] 74572K->40099K(77056K), 0.0036990 secs] [Times: user=0.00 sys=0.00, real=0.01 secs] 
2012-02-15T06:01:39.352+0000: 239854.405: [GC [PSYoungGen: 35056K->584K(35200K)] 74659K->40399K(77184K), 0.0039430 secs] [Times: user=0.00 sys=0.00, real=0.00 secs] 
2012-02-15T06:11:44.917+0000: 240459.971: [GC [PSYoungGen: 35144K->296K(35200K)] 74959K->40657K(77184K), 0.0038160 secs] [Times: user=0.00 sys=0.00, real=0.00 secs] 
2012-02-15T06:23:51.507+0000: 241186.560: [GC [PSYoungGen: 34856K->328K(35200K)] 75217K->40941K(77184K), 0.0038010 secs] [Times: user=0.01 sys=0.00, real=0.01 secs] 
2012-02-15T06:34:57.499+0000: 241852.553: [GC [PSYoungGen: 34888K->288K(35200K)] 75501K->41185K(77184K), 0.0036730 secs] [Times: user=0.00 sys=0.00, real=0.00 secs] 
2012-02-15T06:47:04.132+0000: 242579.185: [GC [PSYoungGen: 34848K->328K(35200K)] 75745K->41481K(77184K), 0.0036970 secs] [Times: user=0.00 sys=0.00, real=0.00 secs] 
2012-02-15T06:57:09.632+0000: 243184.686: [GC [PSYoungGen: 34888K->296K(35200K)] 76041K->41733K(77184K), 0.0041090 secs] [Times: user=0.00 sys=0.00, real=0.00 secs] 
2012-02-15T07:07:59.716+0000: 243834.769: [GC [PSYoungGen: 34851K->93K(35200K)] 76288K->41782K(77184K), 0.0027040 secs] [Times: user=0.00 sys=0.00, real=0.01 secs] 
2012-02-15T07:07:59.719+0000: 243834.772: [Full GC [PSYoungGen: 93K->0K(35200K)] [ParOldGen: 41689K->19975K(41984K)] 41782K->19975K(77184K) [PSPermGen: 43369K->43287K(65536K)], 0.6262660 secs] [Times: user=0.67 sys=0.00, real=0.62 secs] 
2012-02-15T07:17:06.517+0000: 244381.570: [GC [PSYoungGen: 34560K->440K(35200K)] 54535K->20415K(77184K), 0.0030880 secs] [Times: user=0.00 sys=0.00, real=0.01 secs] 
2012-02-15T07:28:12.552+0000: 245047.605: [GC [PSYoungGen: 35000K->624K(35200K)] 54975K->20639K(77184K), 0.0038610 secs] [Times: user=0.01 sys=0.00, real=0.00 secs] 
2012-02-15T07:37:16.898+0000: 245591.951: [GC [PSYoungGen: 35184K->381K(35072K)] 55199K->20772K(77056K), 0.0042600 secs] [Times: user=0.01 sys=0.00, real=0.00 secs] 
2012-02-15T07:47:22.702+0000: 246197.755: [GC [PSYoungGen: 34813K->648K(35136K)] 55204K->21039K(77120K), 0.0039400 secs] [Times: user=0.01 sys=0.00, real=0.00 secs] 
2012-02-15T07:57:27.567+0000: 246802.620: [GC [PSYoungGen: 35080K->688K(34880K)] 55471K->21079K(76864K), 0.0036140 secs] [Times: user=0.01 sys=0.00, real=0.01 secs] 
2012-02-15T08:07:33.129+0000: 247408.183: [GC [PSYoungGen: 34864K->775K(35008K)] 55255K->21167K(76992K), 0.0038990 secs] [Times: user=0.01 sys=0.00, real=0.00 secs] 
2012-02-15T08:15:37.095+0000: 247892.148: [GC [PSYoungGen: 34951K->816K(34624K)] 55343K->21249K(76608K), 0.0042900 secs] [Times: user=0.00 sys=0.00, real=0.01 secs] 
2012-02-15T08:22:41.383+0000: 248316.437: [GC [PSYoungGen: 34608K->856K(34688K)] 55041K->21369K(76672K), 0.0047510 secs] [Times: user=0.01 sys=0.00, real=0.01 secs] 
2012-02-15T08:28:45.112+0000: 248680.166: [GC [PSYoungGen: 34648K->1057K(34368K)] 55161K->21606K(76352K), 0.0050810 secs] [Times: user=0.00 sys=0.00, real=0.01 secs] 
2012-02-15T08:37:50.554+0000: 249225.608: [GC [PSYoungGen: 34337K->953K(34240K)] 54886K->21626K(76224K), 0.0046680 secs] [Times: user=0.00 sys=0.00, real=0.01 secs] 
2012-02-15T08:45:19.498+0000: 249674.551: [GC [PSYoungGen: 34233K->970K(34368K)] 54906K->21980K(76352K), 0.0064060 secs] [Times: user=0.00 sys=0.00, real=0.00 secs] 
2012-02-15T08:54:00.505+0000: 250195.558: [GC [PSYoungGen: 33978K->328K(34432K)] 54988K->21793K(76416K), 0.0038770 secs] [Times: user=0.01 sys=0.00, real=0.01 secs] 
2012-02-15T09:04:05.940+0000: 250800.993: [GC [PSYoungGen: 33352K->368K(34496K)] 54817K->22133K(76480K), 0.0037940 secs] [Times: user=0.01 sys=0.00, real=0.00 secs] 
2012-02-15T09:13:10.837+0000: 251345.891: [GC [PSYoungGen: 33520K->312K(34496K)] 55285K->22397K(76480K), 0.0034300 secs] [Times: user=0.00 sys=0.00, real=0.00 secs] 
2012-02-15T09:23:16.083+0000: 251951.136: [GC [PSYoungGen: 33464K->405K(34560K)] 55549K->22775K(76544K), 0.0037580 secs] [Times: user=0.00 sys=0.00, real=0.00 secs] 
2012-02-15T09:32:20.778+0000: 252495.831: [GC [PSYoungGen: 33621K->312K(34496K)] 55991K->23005K(76480K), 0.0034850 secs] [Times: user=0.00 sys=0.00, real=0.00 secs] 
2012-02-15T09:42:26.269+0000: 253101.322: [GC [PSYoungGen: 33528K->405K(34624K)] 56221K->23383K(76608K), 0.0041610 secs] [Times: user=0.00 sys=0.00, real=0.00 secs] 
2012-02-15T09:51:31.236+0000: 253646.289: [GC [PSYoungGen: 33749K->312K(34560K)] 56727K->23610K(76544K), 0.0034720 secs] [Times: user=0.00 sys=0.00, real=0.01 secs] 
2012-02-15T10:01:36.658+0000: 254251.712: [GC [PSYoungGen: 33656K->328K(34688K)] 56954K->23910K(76672K), 0.0038100 secs] [Times: user=0.01 sys=0.00, real=0.00 secs] 
2012-02-15T10:10:41.416+0000: 254796.470: [GC [PSYoungGen: 33864K->304K(34688K)] 57446K->24174K(76672K), 0.0038950 secs] [Times: user=0.00 sys=0.00, real=0.01 secs] 
2012-02-15T10:20:47.351+0000: 255402.404: [GC [PSYoungGen: 33840K->328K(34752K)] 57710K->24458K(76736K), 0.0039690 secs] [Times: user=0.00 sys=0.00, real=0.00 secs] 
2012-02-15T10:30:00.557+0000: 255955.610: [GC [PSYoungGen: 33976K->432K(34752K)] 58106K->24846K(76736K), 0.0034600 secs] [Times: user=0.00 sys=0.00, real=0.01 secs] 
2012-02-15T10:40:00.082+0000: 256555.136: [GC [PSYoungGen: 34095K->296K(34880K)] 58509K->24710K(76864K), 0.0039610 secs] [Times: user=0.01 sys=0.00, real=0.00 secs] 
2012-02-15T10:50:00.453+0000: 257155.506: [GC [PSYoungGen: 34120K->760K(34816K)] 58534K->25174K(76800K), 0.0035240 secs] [Times: user=0.00 sys=0.00, real=0.00 secs] 
2012-02-15T11:00:10.949+0000: 257766.002: [GC [PSYoungGen: 34616K->560K(34816K)] 59030K->24974K(76800K), 0.0036380 secs] [Times: user=0.00 sys=0.00, real=0.00 secs] 
2012-02-15T11:10:00.472+0000: 258355.525: [GC [PSYoungGen: 34352K->608K(34816K)] 58766K->25022K(76800K), 0.0032930 secs] [Times: user=0.00 sys=0.00, real=0.00 secs] 
2012-02-15T11:19:22.544+0000: 258917.597: [GC [PSYoungGen: 34400K->568K(34816K)] 58814K->24982K(76800K), 0.0036800 secs] [Times: user=0.01 sys=0.00, real=0.01 secs] 
2012-02-15T11:30:00.396+0000: 259555.449: [GC [PSYoungGen: 34345K->560K(34816K)] 58759K->24974K(76800K), 0.0031100 secs] [Times: user=0.00 sys=0.01, real=0.01 secs] 
2012-02-15T11:39:33.955+0000: 260129.008: [GC [PSYoungGen: 34352K->560K(34880K)] 58766K->24974K(76864K), 0.0037210 secs] [Times: user=0.01 sys=0.00, real=0.01 secs] 
2012-02-15T11:49:39.072+0000: 260734.125: [GC [PSYoungGen: 34479K->568K(34880K)] 58893K->24982K(76864K), 0.0035950 secs] [Times: user=0.01 sys=0.00, real=0.00 secs] 
2012-02-15T11:58:44.171+0000: 261279.224: [GC [PSYoungGen: 34488K->615K(34880K)] 58902K->25029K(76864K), 0.0035230 secs] [Times: user=0.00 sys=0.00, real=0.00 secs] 
2012-02-15T12:08:50.566+0000: 261885.619: [GC [PSYoungGen: 34535K->568K(34880K)] 58949K->24982K(76864K), 0.0037260 secs] [Times: user=0.00 sys=0.00, real=0.01 secs] 
2012-02-15T12:17:55.822+0000: 262430.875: [GC [PSYoungGen: 34488K->655K(34944K)] 58902K->25069K(76928K), 0.0037360 secs] [Times: user=0.01 sys=0.00, real=0.00 secs] 
2012-02-15T12:28:01.671+0000: 263036.724: [GC [PSYoungGen: 34703K->880K(34944K)] 59117K->25298K(76928K), 0.0045350 secs] [Times: user=0.01 sys=0.00, real=0.00 secs] 
2012-02-15T12:37:06.931+0000: 263581.985: [GC [PSYoungGen: 34928K->880K(34560K)] 59346K->25306K(76544K), 0.0046060 secs] [Times: user=0.01 sys=0.00, real=0.00 secs] 
2012-02-15T12:47:12.727+0000: 264187.780: [GC [PSYoungGen: 34544K->872K(34560K)] 58970K->25302K(76544K), 0.0046600 secs] [Times: user=0.00 sys=0.00, real=0.01 secs] 
2012-02-15T12:56:18.027+0000: 264733.080: [GC [PSYoungGen: 34536K->880K(34560K)] 58966K->25314K(76544K), 0.0045250 secs] [Times: user=0.00 sys=0.00, real=0.01 secs] 
2012-02-15T13:06:23.835+0000: 265338.889: [GC [PSYoungGen: 34288K->927K(34624K)] 58722K->25365K(76608K), 0.0047850 secs] [Times: user=0.00 sys=0.00, real=0.01 secs] 
2012-02-15T13:15:29.022+0000: 265884.076: [GC [PSYoungGen: 34335K->864K(34496K)] 58773K->25302K(76480K), 0.0044590 secs] [Times: user=0.00 sys=0.00, real=0.00 secs] 
2012-02-15T13:25:34.910+0000: 266489.963: [GC [PSYoungGen: 34144K->864K(34560K)] 58582K->25306K(76544K), 0.0046580 secs] [Times: user=0.00 sys=0.00, real=0.00 secs] 
2012-02-15T13:34:39.463+0000: 267034.516: [GC [PSYoungGen: 34144K->872K(34560K)] 58586K->25314K(76544K), 0.0045340 secs] [Times: user=0.00 sys=0.00, real=0.01 secs] 
2012-02-15T13:44:44.958+0000: 267640.011: [GC [PSYoungGen: 34152K->856K(34560K)] 58594K->25298K(76544K), 0.0047380 secs] [Times: user=0.00 sys=0.00, real=0.00 secs] 
2012-02-15T13:53:49.935+0000: 268184.989: [GC [PSYoungGen: 34136K->903K(34560K)] 58578K->25349K(76544K), 0.0049750 secs] [Times: user=0.00 sys=0.00, real=0.01 secs] 
2012-02-15T14:03:55.507+0000: 268790.560: [GC [PSYoungGen: 34183K->848K(34560K)] 58629K->25302K(76544K), 0.0046000 secs] [Times: user=0.00 sys=0.00, real=0.01 secs] 
2012-02-15T14:13:00.555+0000: 269335.608: [GC [PSYoungGen: 34128K->895K(34560K)] 58582K->25353K(76544K), 0.0050270 secs] [Times: user=0.01 sys=0.00, real=0.01 secs] 
2012-02-15T14:23:05.855+0000: 269940.908: [GC [PSYoungGen: 34175K->848K(34560K)] 58633K->25310K(76544K), 0.0045070 secs] [Times: user=0.01 sys=0.00, real=0.01 secs] 
2012-02-15T14:32:10.659+0000: 270485.713: [GC [PSYoungGen: 34128K->895K(34624K)] 58590K->25361K(76608K), 0.0051550 secs] [Times: user=0.01 sys=0.00, real=0.00 secs] 
2012-02-15T14:42:16.542+0000: 271091.595: [GC [PSYoungGen: 34303K->568K(34624K)] 58769K->25318K(76608K), 0.0046230 secs] [Times: user=0.01 sys=0.00, real=0.00 secs] 
2012-02-15T14:51:21.770+0000: 271636.823: [GC [PSYoungGen: 33976K->576K(34624K)] 58726K->25330K(76608K), 0.0036380 secs] [Times: user=0.01 sys=0.00, real=0.00 secs] 
2012-02-15T15:01:27.761+0000: 272242.815: [GC [PSYoungGen: 33984K->576K(34624K)] 58738K->25334K(76608K), 0.0035700 secs] [Times: user=0.00 sys=0.00, real=0.00 secs] 
2012-02-15T15:10:33.109+0000: 272788.163: [GC [PSYoungGen: 33984K->600K(34624K)] 58742K->25358K(76608K), 0.0034330 secs] [Times: user=0.00 sys=0.00, real=0.00 secs] 
2012-02-15T15:20:38.905+0000: 273393.958: [GC [PSYoungGen: 34008K->917K(34624K)] 58766K->25679K(76608K), 0.0044870 secs] [Times: user=0.01 sys=0.00, real=0.01 secs] 
2012-02-15T15:30:00.651+0000: 273955.705: [GC [PSYoungGen: 34312K->1024K(34496K)] 59074K->25790K(76480K), 0.0048540 secs] [Times: user=0.01 sys=0.00, real=0.00 secs] 
2012-02-15T15:39:49.923+0000: 274544.976: [GC [PSYoungGen: 34304K->880K(34560K)] 59070K->25646K(76544K), 0.0043520 secs] [Times: user=0.01 sys=0.00, real=0.01 secs] 
2012-02-15T15:50:00.196+0000: 275155.249: [GC [PSYoungGen: 34160K->896K(34560K)] 58926K->25666K(76544K), 0.0045130 secs] [Times: user=0.01 sys=0.00, real=0.01 secs] 
2012-02-15T15:59:01.223+0000: 275696.277: [GC [PSYoungGen: 34176K->872K(34560K)] 58946K->25646K(76544K), 0.0044660 secs] [Times: user=0.00 sys=0.00, real=0.01 secs] 
2012-02-15T16:08:06.629+0000: 276241.682: [GC [PSYoungGen: 34152K->888K(34624K)] 58926K->25678K(76608K), 0.0049900 secs] [Times: user=0.01 sys=0.00, real=0.00 secs] 
2012-02-15T16:17:11.808+0000: 276786.861: [GC [PSYoungGen: 34232K->623K(34560K)] 59022K->25697K(76544K), 0.0045070 secs] [Times: user=0.01 sys=0.00, real=0.00 secs] 
2012-02-15T16:27:17.680+0000: 277392.733: [GC [PSYoungGen: 33967K->856K(34624K)] 59041K->25934K(76608K), 0.0045800 secs] [Times: user=0.01 sys=0.00, real=0.00 secs] 
2012-02-15T16:36:23.037+0000: 277938.090: [GC [PSYoungGen: 34264K->856K(34624K)] 59342K->25938K(76608K), 0.0045140 secs] [Times: user=0.01 sys=0.00, real=0.01 secs] 
2012-02-15T16:46:28.924+0000: 278543.977: [GC [PSYoungGen: 34264K->872K(34624K)] 59346K->25958K(76608K), 0.0046740 secs] [Times: user=0.01 sys=0.00, real=0.01 secs] 
2012-02-15T16:53:32.914+0000: 278967.967: [GC [PSYoungGen: 34280K->925K(34624K)] 59366K->26011K(76608K), 0.0058150 secs] [Times: user=0.00 sys=0.00, real=0.01 secs] 
2012-02-15T17:03:38.763+0000: 279573.816: [GC [PSYoungGen: 34333K->903K(34624K)] 59419K->25993K(76608K), 0.0046270 secs] [Times: user=0.01 sys=0.00, real=0.01 secs] 
2012-02-15T17:12:44.004+0000: 280119.058: [GC [PSYoungGen: 34311K->568K(34624K)] 59401K->25950K(76608K), 0.0044750 secs] [Times: user=0.00 sys=0.00, real=0.01 secs] 
2012-02-15T17:22:49.819+0000: 280724.872: [GC [PSYoungGen: 33976K->568K(34624K)] 59358K->25954K(76608K), 0.0041790 secs] [Times: user=0.01 sys=0.00, real=0.00 secs] 
2012-02-15T17:31:21.993+0000: 281237.046: [GC [PSYoungGen: 33822K->712K(34624K)] 59208K->26102K(76608K), 0.0036390 secs] [Times: user=0.00 sys=0.00, real=0.00 secs] 
2012-02-15T17:41:00.270+0000: 281815.323: [GC [PSYoungGen: 34120K->584K(34688K)] 59510K->25974K(76672K), 0.0039570 secs] [Times: user=0.01 sys=0.00, real=0.00 secs] 
2012-02-15T17:50:05.436+0000: 282360.489: [GC [PSYoungGen: 34120K->608K(34688K)] 59510K->26002K(76672K), 0.0037010 secs] [Times: user=0.00 sys=0.00, real=0.01 secs] 
2012-02-15T18:00:11.201+0000: 282966.254: [GC [PSYoungGen: 34144K->623K(34688K)] 59538K->26017K(76672K), 0.0038950 secs] [Times: user=0.00 sys=0.00, real=0.00 secs] 
2012-02-15T18:10:00.507+0000: 283555.560: [GC [PSYoungGen: 34158K->824K(34688K)] 59552K->26224K(76672K), 0.0045470 secs] [Times: user=0.01 sys=0.00, real=0.01 secs] 
2012-02-15T18:19:22.296+0000: 284117.349: [GC [PSYoungGen: 34360K->584K(34688K)] 59760K->25988K(76672K), 0.0038120 secs] [Times: user=0.01 sys=0.00, real=0.01 secs] 
2012-02-15T18:28:27.616+0000: 284662.669: [GC [PSYoungGen: 34120K->880K(34688K)] 59524K->26296K(76672K), 0.0050480 secs] [Times: user=0.01 sys=0.00, real=0.01 secs] 
2012-02-15T18:37:32.884+0000: 285207.937: [GC [PSYoungGen: 34416K->592K(34688K)] 59832K->26284K(76672K), 0.0044640 secs] [Times: user=0.00 sys=0.00, real=0.01 secs] 
2012-02-15T18:48:39.096+0000: 285874.149: [GC [PSYoungGen: 34128K->576K(34688K)] 59820K->26272K(76672K), 0.0037230 secs] [Times: user=0.01 sys=0.00, real=0.01 secs] 
2012-02-15T18:57:44.195+0000: 286419.248: [GC [PSYoungGen: 34112K->576K(34752K)] 59808K->26276K(76736K), 0.0035020 secs] [Times: user=0.01 sys=0.00, real=0.01 secs] 
2012-02-15T19:07:49.970+0000: 287025.023: [GC [PSYoungGen: 34176K->621K(34688K)] 59876K->26325K(76672K), 0.0037660 secs] [Times: user=0.01 sys=0.00, real=0.00 secs] 
2012-02-15T19:16:55.097+0000: 287570.150: [GC [PSYoungGen: 34221K->597K(34752K)] 59925K->26305K(76736K), 0.0038510 secs] [Times: user=0.00 sys=0.00, real=0.01 secs] 
2012-02-15T19:26:00.416+0000: 288115.469: [GC [PSYoungGen: 34261K->901K(34752K)] 59969K->26613K(76736K), 0.0055070 secs] [Times: user=0.01 sys=0.00, real=0.01 secs] 
2012-02-15T19:35:05.561+0000: 288660.614: [GC [PSYoungGen: 34565K->885K(34624K)] 60277K->26601K(76608K), 0.0046470 secs] [Times: user=0.01 sys=0.00, real=0.00 secs] 
2012-02-15T19:45:11.441+0000: 289266.494: [GC [PSYoungGen: 34421K->576K(34688K)] 60137K->26568K(76672K), 0.0047330 secs] [Times: user=0.00 sys=0.00, real=0.00 secs] 
2012-02-15T19:54:16.627+0000: 289811.681: [GC [PSYoungGen: 34112K->560K(34752K)] 60104K->26556K(76736K), 0.0036590 secs] [Times: user=0.01 sys=0.00, real=0.00 secs] 
2012-02-15T20:04:22.344+0000: 290417.398: [GC [PSYoungGen: 34160K->599K(34688K)] 60156K->26599K(76672K), 0.0038610 secs] [Times: user=0.00 sys=0.00, real=0.01 secs] 
2012-02-15T20:13:27.562+0000: 290962.615: [GC [PSYoungGen: 34199K->607K(34752K)] 60199K->26611K(76736K), 0.0036000 secs] [Times: user=0.00 sys=0.00, real=0.00 secs] 
2012-02-15T20:24:33.900+0000: 291628.953: [GC [PSYoungGen: 34271K->887K(34752K)] 60275K->26895K(76736K), 0.0045710 secs] [Times: user=0.00 sys=0.00, real=0.00 secs] 
2012-02-15T20:33:39.126+0000: 292174.179: [GC [PSYoungGen: 34551K->887K(34624K)] 60559K->26907K(76608K), 0.0043230 secs] [Times: user=0.01 sys=0.00, real=0.01 secs] 
2012-02-15T20:43:44.904+0000: 292779.957: [GC [PSYoungGen: 34423K->613K(34688K)] 60443K->26936K(76672K), 0.0044310 secs] [Times: user=0.01 sys=0.01, real=0.01 secs] 
2012-02-15T20:52:50.045+0000: 293325.098: [GC [PSYoungGen: 34149K->621K(34752K)] 60472K->26949K(76736K), 0.0034990 secs] [Times: user=0.00 sys=0.00, real=0.01 secs] 
2012-02-15T21:02:55.787+0000: 293930.840: [GC [PSYoungGen: 34285K->631K(34752K)] 60613K->26963K(76736K), 0.0038110 secs] [Times: user=0.00 sys=0.00, real=0.01 secs] 
2012-02-15T21:12:00.975+0000: 294476.028: [GC [PSYoungGen: 34295K->631K(34816K)] 60627K->26967K(76800K), 0.0037700 secs] [Times: user=0.01 sys=0.00, real=0.01 secs] 
2012-02-15T21:22:49.104+0000: 295124.157: [GC [PSYoungGen: 34359K->560K(34752K)] 60695K->26895K(76736K), 0.0033850 secs] [Times: user=0.01 sys=0.00, real=0.00 secs] 
2012-02-15T21:31:41.658+0000: 295656.712: [GC [PSYoungGen: 34288K->568K(34816K)] 60623K->26903K(76800K), 0.0034480 secs] [Times: user=0.00 sys=0.00, real=0.00 secs] 
2012-02-15T21:41:23.811+0000: 296238.864: [GC [PSYoungGen: 34360K->584K(34816K)] 60695K->26919K(76800K), 0.0038540 secs] [Times: user=0.01 sys=0.00, real=0.00 secs] 
2012-02-15T21:50:28.925+0000: 296783.978: [GC [PSYoungGen: 34376K->592K(34880K)] 60711K->26927K(76864K), 0.0037440 secs] [Times: user=0.01 sys=0.00, real=0.01 secs] 
2012-02-15T22:00:34.636+0000: 297389.689: [GC [PSYoungGen: 34448K->576K(34816K)] 60783K->26911K(76800K), 0.0037360 secs] [Times: user=0.01 sys=0.00, real=0.01 secs] 
2012-02-15T22:10:00.516+0000: 297955.569: [GC [PSYoungGen: 34432K->776K(34880K)] 60767K->27111K(76864K), 0.0037880 secs] [Times: user=0.00 sys=0.00, real=0.01 secs] 
2012-02-15T22:20:24.341+0000: 298579.394: [GC [PSYoungGen: 34696K->576K(34880K)] 61031K->26911K(76864K), 0.0036470 secs] [Times: user=0.00 sys=0.00, real=0.00 secs] 
2012-02-15T22:30:00.393+0000: 299155.446: [GC [PSYoungGen: 34474K->648K(34880K)] 60810K->26983K(76864K), 0.0036360 secs] [Times: user=0.01 sys=0.00, real=0.00 secs] 
2012-02-15T22:39:57.115+0000: 299752.168: [GC [PSYoungGen: 34568K->631K(34880K)] 60903K->26967K(76864K), 0.0037620 secs] [Times: user=0.01 sys=0.00, real=0.01 secs] 
2012-02-15T22:50:00.464+0000: 300355.517: [GC [PSYoungGen: 34551K->744K(34944K)] 60887K->27079K(76928K), 0.0037750 secs] [Times: user=0.01 sys=0.00, real=0.01 secs] 
2012-02-15T23:00:02.844+0000: 300957.898: [GC [PSYoungGen: 34792K->400K(34496K)] 61127K->26735K(76480K), 0.0027080 secs] [Times: user=0.01 sys=0.00, real=0.01 secs] 
2012-02-15T23:10:02.427+0000: 301557.480: [GC [PSYoungGen: 34448K->624K(34944K)] 60783K->26959K(76928K), 0.0035020 secs] [Times: user=0.00 sys=0.00, real=0.01 secs] 
2012-02-15T23:19:19.807+0000: 302114.860: [GC [PSYoungGen: 34608K->623K(34880K)] 60943K->26959K(76864K), 0.0035450 secs] [Times: user=0.00 sys=0.00, real=0.01 secs] 
2012-02-15T23:29:25.739+0000: 302720.792: [GC [PSYoungGen: 34607K->584K(34944K)] 60943K->26923K(76928K), 0.0038180 secs] [Times: user=0.00 sys=0.00, real=0.00 secs] 
2012-02-15T23:39:31.473+0000: 303326.526: [GC [PSYoungGen: 34632K->584K(34944K)] 60971K->26927K(76928K), 0.0035050 secs] [Times: user=0.00 sys=0.00, real=0.00 secs] 
2012-02-15T23:49:37.194+0000: 303932.248: [GC [PSYoungGen: 34632K->576K(35008K)] 60975K->26923K(76992K), 0.0038850 secs] [Times: user=0.00 sys=0.00, real=0.01 secs] 
2012-02-15T23:58:42.321+0000: 304477.375: [GC [PSYoungGen: 34752K->639K(35008K)] 61099K->26991K(76992K), 0.0039150 secs] [Times: user=0.00 sys=0.00, real=0.00 secs] 
2012-02-16T00:09:48.581+0000: 305143.634: [GC [PSYoungGen: 34815K->818K(34880K)] 61167K->27177K(76864K), 0.0038230 secs] [Times: user=0.00 sys=0.00, real=0.00 secs] 
2012-02-16T00:18:53.699+0000: 305688.752: [GC [PSYoungGen: 34866K->858K(34944K)] 61225K->27221K(76928K), 0.0039320 secs] [Times: user=0.00 sys=0.00, real=0.00 secs] 
2012-02-16T00:28:59.589+0000: 306294.642: [GC [PSYoungGen: 34906K->889K(34688K)] 61269K->27253K(76672K), 0.0041460 secs] [Times: user=0.00 sys=0.00, real=0.00 secs] 
2012-02-16T00:38:04.858+0000: 306839.911: [GC [PSYoungGen: 34681K->897K(34752K)] 61045K->27265K(76736K), 0.0039400 secs] [Times: user=0.01 sys=0.00, real=0.00 secs] 
2012-02-16T00:48:12.979+0000: 307448.032: [GC [PSYoungGen: 34689K->826K(34752K)] 61057K->27197K(76736K), 0.0040340 secs] [Times: user=0.00 sys=0.00, real=0.00 secs] 
2012-02-16T00:58:13.019+0000: 308048.072: [GC [PSYoungGen: 34490K->834K(34752K)] 60861K->27209K(76736K), 0.0035590 secs] [Times: user=0.00 sys=0.00, real=0.00 secs] 
2012-02-16T01:08:21.984+0000: 308657.037: [GC [PSYoungGen: 34464K->842K(34752K)] 60840K->27221K(76736K), 0.0037720 secs] [Times: user=0.00 sys=0.00, real=0.01 secs] 
2012-02-16T01:17:27.138+0000: 309202.191: [GC [PSYoungGen: 34506K->826K(34752K)] 60885K->27209K(76736K), 0.0036020 secs] [Times: user=0.01 sys=0.00, real=0.00 secs] 
2012-02-16T01:27:32.961+0000: 309808.014: [GC [PSYoungGen: 34490K->1082K(34496K)] 60873K->27521K(76480K), 0.0048620 secs] [Times: user=0.01 sys=0.00, real=0.00 secs] 
2012-02-16T01:36:38.134+0000: 310353.187: [GC [PSYoungGen: 34490K->1145K(34560K)] 60929K->27588K(76544K), 0.0064970 secs] [Times: user=0.01 sys=0.00, real=0.01 secs] 
2012-02-16T01:46:43.876+0000: 310958.930: [GC [PSYoungGen: 34553K->1098K(34432K)] 60996K->27545K(76416K), 0.0049730 secs] [Times: user=0.01 sys=0.00, real=0.01 secs] 
2012-02-16T01:55:48.998+0000: 311504.051: [GC [PSYoungGen: 34250K->1145K(34304K)] 60697K->27596K(76288K), 0.0046180 secs] [Times: user=0.01 sys=0.00, real=0.00 secs] 
2012-02-16T02:05:54.715+0000: 312109.769: [GC [PSYoungGen: 34297K->1098K(34304K)] 60748K->27553K(76288K), 0.0048390 secs] [Times: user=0.01 sys=0.01, real=0.01 secs] 
2012-02-16T02:14:59.943+0000: 312654.996: [GC [PSYoungGen: 33994K->864K(34368K)] 60449K->27581K(76352K), 0.0044900 secs] [Times: user=0.00 sys=0.01, real=0.01 secs] 
2012-02-16T02:25:05.761+0000: 313260.814: [GC [PSYoungGen: 33760K->903K(34496K)] 60477K->27624K(76480K), 0.0048840 secs] [Times: user=0.01 sys=0.00, real=0.00 secs] 
2012-02-16T02:34:11.148+0000: 313806.202: [GC [PSYoungGen: 33991K->901K(34432K)] 60712K->27622K(76416K), 0.0045480 secs] [Times: user=0.01 sys=0.00, real=0.00 secs] 
2012-02-16T02:44:16.928+0000: 314411.981: [GC [PSYoungGen: 33989K->856K(34560K)] 60710K->27581K(76544K), 0.0048880 secs] [Times: user=0.01 sys=0.00, real=0.00 secs] 
2012-02-16T02:53:22.089+0000: 314957.143: [GC [PSYoungGen: 34072K->864K(34496K)] 60797K->27589K(76480K), 0.0045500 secs] [Times: user=0.01 sys=0.00, real=0.00 secs] 
2012-02-16T03:03:27.871+0000: 315562.925: [GC [PSYoungGen: 34080K->893K(34624K)] 60805K->27622K(76608K), 0.0045240 secs] [Times: user=0.00 sys=0.00, real=0.00 secs] 
2012-02-16T03:12:33.098+0000: 316108.151: [GC [PSYoungGen: 34237K->864K(34560K)] 60966K->27597K(76544K), 0.0042920 secs] [Times: user=0.00 sys=0.00, real=0.00 secs] 
2012-02-16T03:22:38.863+0000: 316713.917: [GC [PSYoungGen: 34208K->856K(34688K)] 60941K->27589K(76672K), 0.0047300 secs] [Times: user=0.01 sys=0.00, real=0.01 secs] 
2012-02-16T03:31:44.001+0000: 317259.054: [GC [PSYoungGen: 34328K->909K(34624K)] 61061K->27642K(76608K), 0.0043320 secs] [Times: user=0.01 sys=0.00, real=0.00 secs] 
2012-02-16T03:41:49.776+0000: 317864.829: [GC [PSYoungGen: 34381K->903K(34688K)] 61114K->27644K(76672K), 0.0059450 secs] [Times: user=0.01 sys=0.00, real=0.01 secs] 
2012-02-16T03:50:54.886+0000: 318409.939: [GC [PSYoungGen: 34400K->592K(34688K)] 61141K->27609K(76672K), 0.0043530 secs] [Times: user=0.00 sys=0.00, real=0.01 secs] 
2012-02-16T04:01:00.703+0000: 319015.756: [GC [PSYoungGen: 34128K->576K(34560K)] 61145K->27597K(76544K), 0.0037510 secs] [Times: user=0.00 sys=0.00, real=0.00 secs] 
2012-02-16T04:10:05.937+0000: 319560.990: [GC [PSYoungGen: 33984K->560K(34624K)] 61005K->27585K(76608K), 0.0034470 secs] [Times: user=0.00 sys=0.00, real=0.01 secs] 
2012-02-16T04:21:12.200+0000: 320227.253: [GC [PSYoungGen: 33968K->832K(34688K)] 60993K->27857K(76672K), 0.0043780 secs] [Times: user=0.01 sys=0.00, real=0.00 secs] 
2012-02-16T04:30:00.385+0000: 320755.438: [GC [PSYoungGen: 34304K->1048K(34624K)] 61329K->28077K(76608K), 0.0043480 secs] [Times: user=0.00 sys=0.00, real=0.01 secs] 
2012-02-16T04:40:23.237+0000: 321378.291: [GC [PSYoungGen: 34520K->832K(34624K)] 61549K->27865K(76608K), 0.0047250 secs] [Times: user=0.00 sys=0.00, real=0.00 secs] 
2012-02-16T04:50:00.368+0000: 321955.421: [GC [PSYoungGen: 34224K->1048K(34624K)] 61257K->28081K(76608K), 0.0043740 secs] [Times: user=0.00 sys=0.00, real=0.00 secs] 
2012-02-16T04:59:34.239+0000: 322529.292: [GC [PSYoungGen: 34456K->840K(34624K)] 61489K->27873K(76608K), 0.0044430 secs] [Times: user=0.00 sys=0.01, real=0.00 secs] 
2012-02-16T05:09:40.185+0000: 323135.239: [GC [PSYoungGen: 34248K->840K(34624K)] 61281K->27873K(76608K), 0.0045550 secs] [Times: user=0.00 sys=0.00, real=0.01 secs] 
2012-02-16T05:18:45.272+0000: 323680.326: [GC [PSYoungGen: 34248K->901K(34688K)] 61281K->27934K(76672K), 0.0047540 secs] [Times: user=0.01 sys=0.00, real=0.01 secs] 
2012-02-16T05:28:51.152+0000: 324286.205: [GC [PSYoungGen: 34437K->856K(34688K)] 61470K->27893K(76672K), 0.0045000 secs] [Times: user=0.00 sys=0.00, real=0.00 secs] 
2012-02-16T05:37:56.258+0000: 324831.312: [GC [PSYoungGen: 34392K->911K(34688K)] 61429K->27952K(76672K), 0.0044140 secs] [Times: user=0.01 sys=0.00, real=0.00 secs] 
2012-02-16T05:48:02.255+0000: 325437.308: [GC [PSYoungGen: 34447K->840K(34688K)] 61488K->27885K(76672K), 0.0046310 secs] [Times: user=0.01 sys=0.00, real=0.01 secs] 
2012-02-16T05:57:07.107+0000: 325982.160: [GC [PSYoungGen: 34376K->864K(34752K)] 61421K->27913K(76736K), 0.0044360 secs] [Times: user=0.01 sys=0.00, real=0.01 secs] 
2012-02-16T06:08:13.353+0000: 326648.406: [GC [PSYoungGen: 34528K->856K(34752K)] 61577K->27909K(76736K), 0.0047370 secs] [Times: user=0.01 sys=0.00, real=0.01 secs] 
2012-02-16T06:17:18.553+0000: 327193.606: [GC [PSYoungGen: 34520K->848K(34752K)] 61573K->27905K(76736K), 0.0042170 secs] [Times: user=0.01 sys=0.00, real=0.00 secs] 
2012-02-16T06:27:24.338+0000: 327799.392: [GC [PSYoungGen: 34512K->885K(34752K)] 61569K->27946K(76736K), 0.0047480 secs] [Times: user=0.00 sys=0.00, real=0.00 secs] 
2012-02-16T06:36:29.618+0000: 328344.671: [GC [PSYoungGen: 34549K->840K(34816K)] 61610K->27905K(76800K), 0.0042970 secs] [Times: user=0.00 sys=0.00, real=0.00 secs] 
2012-02-16T06:46:35.386+0000: 328950.439: [GC [PSYoungGen: 34632K->856K(34816K)] 61697K->27921K(76800K), 0.0046050 secs] [Times: user=0.00 sys=0.00, real=0.01 secs] 
2012-02-16T06:55:40.560+0000: 329495.614: [GC [PSYoungGen: 34648K->840K(34816K)] 61713K->27909K(76800K), 0.0045210 secs] [Times: user=0.01 sys=0.00, real=0.00 secs] 
2012-02-16T07:05:46.467+0000: 330101.520: [GC [PSYoungGen: 34632K->840K(34816K)] 61701K->27909K(76800K), 0.0045210 secs] [Times: user=0.00 sys=0.00, real=0.01 secs] 
2012-02-16T07:14:53.036+0000: 330648.089: [GC [PSYoungGen: 34632K->864K(34816K)] 61701K->27937K(76800K), 0.0046010 secs] [Times: user=0.00 sys=0.00, real=0.01 secs] 
2012-02-16T07:24:57.622+0000: 331252.675: [GC [PSYoungGen: 34656K->864K(34816K)] 61729K->27937K(76800K), 0.0046920 secs] [Times: user=0.01 sys=0.00, real=0.00 secs] 
2012-02-16T07:34:02.471+0000: 331797.525: [GC [PSYoungGen: 34656K->864K(34880K)] 61729K->27941K(76864K), 0.0047600 secs] [Times: user=0.00 sys=0.01, real=0.00 secs] 
2012-02-16T07:44:07.780+0000: 332402.833: [GC [PSYoungGen: 34784K->872K(34880K)] 61861K->27949K(76864K), 0.0047460 secs] [Times: user=0.01 sys=0.00, real=0.00 secs] 
2012-02-16T07:52:11.837+0000: 332886.890: [GC [PSYoungGen: 34792K->928K(34752K)] 61869K->28005K(76736K), 0.0047770 secs] [Times: user=0.01 sys=0.00, real=0.01 secs] 
2012-02-16T08:02:17.232+0000: 333492.286: [GC [PSYoungGen: 34720K->949K(34816K)] 61797K->28030K(76800K), 0.0047040 secs] [Times: user=0.01 sys=0.00, real=0.01 secs] 
2012-02-16T08:11:22.448+0000: 334037.501: [GC [PSYoungGen: 34741K->624K(34816K)] 61822K->27981K(76800K), 0.0045940 secs] [Times: user=0.01 sys=0.00, real=0.00 secs] 
2012-02-16T08:21:27.571+0000: 334642.625: [GC [PSYoungGen: 34416K->655K(34496K)] 61773K->28016K(76480K), 0.0039030 secs] [Times: user=0.00 sys=0.00, real=0.00 secs] 
2012-02-16T08:30:00.563+0000: 335155.616: [GC [PSYoungGen: 34447K->680K(34752K)] 61808K->28041K(76736K), 0.0035430 secs] [Times: user=0.01 sys=0.00, real=0.00 secs] 
2012-02-16T08:40:37.727+0000: 335792.780: [GC [PSYoungGen: 34344K->624K(34752K)] 61705K->27989K(76736K), 0.0038160 secs] [Times: user=0.00 sys=0.00, real=0.01 secs] 
2012-02-16T08:50:00.457+0000: 336355.510: [GC [PSYoungGen: 34279K->648K(34752K)] 61644K->28057K(76736K), 0.0038820 secs] [Times: user=0.01 sys=0.00, real=0.01 secs] 
2012-02-16T08:59:48.604+0000: 336943.657: [GC [PSYoungGen: 34287K->584K(34752K)] 61697K->27993K(76736K), 0.0035330 secs] [Times: user=0.01 sys=0.00, real=0.01 secs] 
2012-02-16T09:09:54.041+0000: 337549.095: [GC [PSYoungGen: 34248K->584K(34752K)] 61657K->28005K(76736K), 0.0037400 secs] [Times: user=0.00 sys=0.00, real=0.00 secs] 
2012-02-16T09:18:58.665+0000: 338093.718: [GC [PSYoungGen: 34248K->576K(34752K)] 61669K->27997K(76736K), 0.0036320 secs] [Times: user=0.01 sys=0.00, real=0.01 secs] 
2012-02-16T10:07:19.746+0000: 340994.800: [GC [PSYoungGen: 34240K->872K(34752K)] 61661K->28293K(76736K), 0.0048690 secs] [Times: user=0.01 sys=0.00, real=0.01 secs] 
2012-02-16T10:58:53.834+0000: 344088.887: [GC [PSYoungGen: 34536K->1072K(34752K)] 61957K->28695K(76736K), 0.0053570 secs] [Times: user=0.00 sys=0.00, real=0.01 secs] 
2012-02-16T11:09:59.717+0000: 344754.770: [GC [PSYoungGen: 34736K->992K(34368K)] 62359K->28619K(76352K), 0.0055360 secs] [Times: user=0.01 sys=0.00, real=0.01 secs] 
2012-02-16T11:19:04.695+0000: 345299.748: [GC [PSYoungGen: 34272K->968K(34560K)] 61899K->28595K(76544K), 0.0045960 secs] [Times: user=0.00 sys=0.00, real=0.01 secs] 
2012-02-16T11:29:10.244+0000: 345905.298: [GC [PSYoungGen: 34248K->984K(34432K)] 61875K->28611K(76416K), 0.0049540 secs] [Times: user=0.00 sys=0.00, real=0.01 secs] 
2012-02-16T11:37:14.065+0000: 346389.118: [GC [PSYoungGen: 34136K->997K(34496K)] 61763K->28624K(76480K), 0.0048210 secs] [Times: user=0.00 sys=0.00, real=0.01 secs] 
2012-02-16T11:47:20.941+0000: 346995.995: [GC [PSYoungGen: 34149K->992K(34496K)] 61776K->28623K(76480K), 0.0049900 secs] [Times: user=0.01 sys=0.00, real=0.00 secs] 
2012-02-16T11:56:26.820+0000: 347541.873: [GC [PSYoungGen: 34144K->1023K(34496K)] 61775K->28658K(76480K), 0.0050550 secs] [Times: user=0.01 sys=0.00, real=0.00 secs] 
2012-02-16T12:06:33.342+0000: 348148.395: [GC [PSYoungGen: 34175K->997K(34496K)] 61810K->28632K(76480K), 0.0053020 secs] [Times: user=0.00 sys=0.00, real=0.01 secs] 
2012-02-16T12:15:38.811+0000: 348693.865: [GC [PSYoungGen: 34149K->1016K(34496K)] 61784K->28655K(76480K), 0.0050920 secs] [Times: user=0.00 sys=0.00, real=0.00 secs] 
2012-02-16T12:25:44.483+0000: 349299.536: [GC [PSYoungGen: 34168K->951K(34496K)] 61807K->28688K(76480K), 0.0053360 secs] [Times: user=0.00 sys=0.00, real=0.01 secs] 
2012-02-16T12:34:49.113+0000: 349844.166: [GC [PSYoungGen: 34103K->584K(34496K)] 61840K->28637K(76480K), 0.0044990 secs] [Times: user=0.00 sys=0.00, real=0.01 secs] 
2012-02-16T12:44:54.540+0000: 350449.594: [GC [PSYoungGen: 33736K->584K(34496K)] 61789K->28649K(76480K), 0.0040660 secs] [Times: user=0.01 sys=0.00, real=0.00 secs] 
2012-02-16T12:53:59.267+0000: 350994.320: [GC [PSYoungGen: 33736K->576K(34496K)] 61801K->28641K(76480K), 0.0034390 secs] [Times: user=0.00 sys=0.00, real=0.01 secs] 
2012-02-16T13:04:05.325+0000: 351600.378: [GC [PSYoungGen: 33728K->568K(34496K)] 61793K->28633K(76480K), 0.0036040 secs] [Times: user=0.00 sys=0.00, real=0.01 secs] 
2012-02-16T13:13:10.535+0000: 352145.588: [GC [PSYoungGen: 33720K->552K(34496K)] 61785K->28621K(76480K), 0.0033490 secs] [Times: user=0.00 sys=0.00, real=0.01 secs] 
2012-02-16T13:23:16.361+0000: 352751.414: [GC [PSYoungGen: 33704K->560K(34496K)] 61773K->28633K(76480K), 0.0036920 secs] [Times: user=0.01 sys=0.00, real=0.00 secs] 
2012-02-16T13:31:20.418+0000: 353235.472: [GC [PSYoungGen: 33712K->576K(34496K)] 61785K->28649K(76480K), 0.0036950 secs] [Times: user=0.00 sys=0.00, real=0.00 secs] 
2012-02-16T13:41:26.449+0000: 353841.502: [GC [PSYoungGen: 33728K->576K(34560K)] 61801K->28653K(76544K), 0.0036370 secs] [Times: user=0.00 sys=0.00, real=0.00 secs] 
2012-02-16T13:50:31.448+0000: 354386.501: [GC [PSYoungGen: 33856K->576K(34560K)] 61933K->28653K(76544K), 0.0036420 secs] [Times: user=0.01 sys=0.00, real=0.00 secs] 
2012-02-16T14:00:49.180+0000: 355004.233: [GC [PSYoungGen: 33856K->552K(34624K)] 61933K->28629K(76608K), 0.0042570 secs] [Times: user=0.01 sys=0.00, real=0.01 secs] 
2012-02-16T14:10:00.513+0000: 355555.566: [GC [PSYoungGen: 33960K->616K(34624K)] 62037K->28693K(76608K), 0.0037430 secs] [Times: user=0.01 sys=0.00, real=0.00 secs] 
2012-02-16T14:20:25.827+0000: 356180.880: [GC [PSYoungGen: 34024K->840K(34560K)] 62101K->28917K(76544K), 0.0044490 secs] [Times: user=0.00 sys=0.00, real=0.01 secs] 
2012-02-16T14:30:00.493+0000: 356755.547: [GC [PSYoungGen: 34248K->1096K(34560K)] 62325K->29177K(76544K), 0.0044350 secs] [Times: user=0.00 sys=0.00, real=0.01 secs] 
2012-02-16T14:39:58.869+0000: 357353.923: [GC [PSYoungGen: 34504K->856K(34560K)] 62585K->28941K(76544K), 0.0045660 secs] [Times: user=0.00 sys=0.00, real=0.00 secs] 
2012-02-16T14:50:00.565+0000: 357955.618: [GC [PSYoungGen: 34132K->904K(34560K)] 62217K->28989K(76544K), 0.0051410 secs] [Times: user=0.01 sys=0.00, real=0.01 secs] 
2012-02-16T14:59:10.061+0000: 358505.114: [GC [PSYoungGen: 34184K->856K(34560K)] 62269K->28945K(76544K), 0.0043580 secs] [Times: user=0.01 sys=0.00, real=0.00 secs] 
2012-02-16T15:08:27.635+0000: 359062.689: [GC [PSYoungGen: 34136K->893K(34560K)] 62225K->28986K(76544K), 0.0048360 secs] [Times: user=0.00 sys=0.00, real=0.01 secs] 
2012-02-16T15:30:00.611+0000: 360355.664: [GC [PSYoungGen: 34169K->1072K(34432K)] 62263K->29169K(76416K), 0.0057530 secs] [Times: user=0.01 sys=0.00, real=0.00 secs] 
2012-02-16T16:31:11.167+0000: 364026.220: [GC [PSYoungGen: 34221K->983K(34496K)] 62318K->29080K(76480K), 0.0053780 secs] [Times: user=0.01 sys=0.00, real=0.01 secs] 
2012-02-16T17:54:46.577+0000: 369041.631: [GC [PSYoungGen: 34135K->888K(34496K)] 62232K->28985K(76480K), 0.0047040 secs] [Times: user=0.01 sys=0.00, real=0.00 secs] 
2012-02-16T19:10:00.485+0000: 373555.538: [GC [PSYoungGen: 34031K->1144K(34304K)] 62129K->29241K(76288K), 0.0050170 secs] [Times: user=0.01 sys=0.00, real=0.01 secs] 
2012-02-16T20:30:00.509+0000: 378355.562: [GC [PSYoungGen: 34296K->1072K(34432K)] 62393K->29169K(76416K), 0.0052430 secs] [Times: user=0.01 sys=0.00, real=0.00 secs] 
2012-02-16T21:40:00.963+0000: 382556.016: [GC [PSYoungGen: 34096K->881K(34432K)] 62193K->28978K(76416K), 0.0043580 secs] [Times: user=0.01 sys=0.00, real=0.01 secs] 
2012-02-16T22:50:00.486+0000: 386755.539: [GC [PSYoungGen: 33905K->1096K(34368K)] 62002K->29193K(76352K), 0.0055230 secs] [Times: user=0.00 sys=0.00, real=0.01 secs] 
2012-02-17T00:00:01.446+0000: 390956.499: [GC [PSYoungGen: 34120K->832K(34432K)] 62217K->28933K(76416K), 0.0043100 secs] [Times: user=0.00 sys=0.00, real=0.01 secs] 
2012-02-17T01:20:01.503+0000: 395756.556: [GC [PSYoungGen: 33856K->1194K(34368K)] 61957K->29299K(76352K), 0.0049310 secs] [Times: user=0.00 sys=0.00, real=0.01 secs] 
2012-02-17T02:46:48.408+0000: 400963.461: [GC [PSYoungGen: 34218K->1241K(34304K)] 62323K->29350K(76288K), 0.0051620 secs] [Times: user=0.00 sys=0.00, real=0.00 secs] 
2012-02-17T04:10:00.355+0000: 405955.409: [GC [PSYoungGen: 34265K->1265K(34240K)] 62374K->29378K(76224K), 0.0048830 secs] [Times: user=0.00 sys=0.00, real=0.01 secs] 
2012-02-17T05:30:00.340+0000: 410755.393: [GC [PSYoungGen: 34033K->1249K(34048K)] 62146K->29362K(76032K), 0.0058260 secs] [Times: user=0.00 sys=0.00, real=0.00 secs] 
2012-02-17T06:33:39.098+0000: 414574.151: [GC [PSYoungGen: 34017K->1257K(34112K)] 62130K->29370K(76096K), 0.0057630 secs] [Times: user=0.00 sys=0.00, real=0.00 secs] 
2012-02-17T07:30:00.600+0000: 417955.653: [GC [PSYoungGen: 33769K->1297K(34176K)] 61882K->29410K(76160K), 0.0055220 secs] [Times: user=0.00 sys=0.00, real=0.00 secs] 
2012-02-17T08:50:01.601+0000: 422756.654: [GC [PSYoungGen: 33809K->1425K(34048K)] 61922K->29543K(76032K), 0.0063360 secs] [Times: user=0.01 sys=0.00, real=0.01 secs] 
2012-02-17T09:20:00.450+0000: 424555.503: [GC [PSYoungGen: 33809K->1442K(33856K)] 61927K->29580K(75840K), 0.0056400 secs]